Component: ARM Compiler 6.16 Tool: armlink [5dfeaa00]

==============================================================================

Section Cross References

    main.o(.text.main) refers to system_stm32f4xx.o(.text.SystemCoreClockUpdate) for SystemCoreClockUpdate
    main.o(.text.main) refers to rtx_kernel.o(.text.osKernelInitialize) for osKernelInitialize
    main.o(.text.main) refers to main.o(.text.LED_Blink_PortD) for LED_Blink_PortD
    main.o(.text.main) refers to rtx_thread.o(.text.osThreadNew) for osThreadNew
    main.o(.text.main) refers to main.o(.text.LED_Blink_PortE) for LED_Blink_PortE
    main.o(.text.main) refers to rtx_kernel.o(.text.osKernelStart) for osKernelStart
    main.o(.ARM.exidx.text.main) refers to main.o(.text.main) for [Anonymous Symbol]
    main.o(.text.LED_Blink_PortD) refers to stm32f4xx_hal_gpio.o(.text.HAL_GPIO_Init) for HAL_GPIO_Init
    main.o(.text.LED_Blink_PortD) refers to stm32f4xx_hal_gpio.o(.text.HAL_GPIO_WritePin) for HAL_GPIO_WritePin
    main.o(.text.LED_Blink_PortD) refers to rtx_delay.o(.text.osDelay) for osDelay
    main.o(.ARM.exidx.text.LED_Blink_PortD) refers to main.o(.text.LED_Blink_PortD) for [Anonymous Symbol]
    main.o(.text.LED_Blink_PortE) refers to rtx_delay.o(.text.osDelay) for osDelay
    main.o(.ARM.exidx.text.LED_Blink_PortE) refers to main.o(.text.LED_Blink_PortE) for [Anonymous Symbol]
    irq_armv7m.o(.text) refers to rtx_system.o(.text.osRtxPendSV_Handler) for osRtxPendSV_Handler
    irq_armv7m.o(.text) refers to rtx_system.o(.text.osRtxTick_Handler) for osRtxTick_Handler
    irq_armv7m.o(.text) refers to rtx_kernel.o(.data.os) for osRtxInfo
    irq_armv7m.o(.text) refers to rtx_lib.o(.rodata.osRtxUserSVC) for osRtxUserSVC
    irq_armv7m.o(.ARM.exidx) refers to irq_armv7m.o(.text) for [Anonymous Symbol]
    rtx_delay.o(.text.osDelay) refers to rtx_evr.o(.text.EvrRtxDelay) for EvrRtxDelay
    rtx_delay.o(.text.osDelay) refers to rtx_delay.o(.text.IsException) for IsException
    rtx_delay.o(.text.osDelay) refers to rtx_delay.o(.text.IsIrqMasked) for IsIrqMasked
    rtx_delay.o(.text.osDelay) refers to rtx_evr.o(.text.EvrRtxDelayError) for EvrRtxDelayError
    rtx_delay.o(.text.osDelay) refers to rtx_delay.o(.text.svcRtxDelay) for svcRtxDelay
    rtx_delay.o(.ARM.exidx.text.osDelay) refers to rtx_delay.o(.text.osDelay) for [Anonymous Symbol]
    rtx_delay.o(.ARM.exidx.text.IsException) refers to rtx_delay.o(.text.IsException) for [Anonymous Symbol]
    rtx_delay.o(.ARM.exidx.text.IsIrqMasked) refers to rtx_delay.o(.text.IsIrqMasked) for [Anonymous Symbol]
    rtx_delay.o(.text.osDelayUntil) refers to rtx_evr.o(.text.EvrRtxDelayUntil) for EvrRtxDelayUntil
    rtx_delay.o(.text.osDelayUntil) refers to rtx_delay.o(.text.IsException) for IsException
    rtx_delay.o(.text.osDelayUntil) refers to rtx_delay.o(.text.IsIrqMasked) for IsIrqMasked
    rtx_delay.o(.text.osDelayUntil) refers to rtx_evr.o(.text.EvrRtxDelayError) for EvrRtxDelayError
    rtx_delay.o(.text.osDelayUntil) refers to rtx_delay.o(.text.svcRtxDelayUntil) for svcRtxDelayUntil
    rtx_delay.o(.ARM.exidx.text.osDelayUntil) refers to rtx_delay.o(.text.osDelayUntil) for [Anonymous Symbol]
    rtx_delay.o(.text.svcRtxDelay) refers to rtx_thread.o(.text.osRtxThreadWaitEnter) for osRtxThreadWaitEnter
    rtx_delay.o(.text.svcRtxDelay) refers to rtx_evr.o(.text.EvrRtxDelayStarted) for EvrRtxDelayStarted
    rtx_delay.o(.text.svcRtxDelay) refers to rtx_evr.o(.text.EvrRtxDelayError) for EvrRtxDelayError
    rtx_delay.o(.ARM.exidx.text.svcRtxDelay) refers to rtx_delay.o(.text.svcRtxDelay) for [Anonymous Symbol]
    rtx_delay.o(.text.svcRtxDelayUntil) refers to rtx_kernel.o(.data.os) for osRtxInfo
    rtx_delay.o(.text.svcRtxDelayUntil) refers to rtx_thread.o(.text.osRtxThreadWaitEnter) for osRtxThreadWaitEnter
    rtx_delay.o(.text.svcRtxDelayUntil) refers to rtx_evr.o(.text.EvrRtxDelayUntilStarted) for EvrRtxDelayUntilStarted
    rtx_delay.o(.text.svcRtxDelayUntil) refers to rtx_evr.o(.text.EvrRtxDelayError) for EvrRtxDelayError
    rtx_delay.o(.ARM.exidx.text.svcRtxDelayUntil) refers to rtx_delay.o(.text.svcRtxDelayUntil) for [Anonymous Symbol]
    rtx_evflags.o(.text.osEventFlagsNew) refers to rtx_evr.o(.text.EvrRtxEventFlagsNew) for EvrRtxEventFlagsNew
    rtx_evflags.o(.text.osEventFlagsNew) refers to rtx_evflags.o(.text.IsException) for IsException
    rtx_evflags.o(.text.osEventFlagsNew) refers to rtx_evflags.o(.text.IsIrqMasked) for IsIrqMasked
    rtx_evflags.o(.text.osEventFlagsNew) refers to rtx_evr.o(.text.EvrRtxEventFlagsError) for EvrRtxEventFlagsError
    rtx_evflags.o(.text.osEventFlagsNew) refers to rtx_evflags.o(.text.svcRtxEventFlagsNew) for svcRtxEventFlagsNew
    rtx_evflags.o(.ARM.exidx.text.osEventFlagsNew) refers to rtx_evflags.o(.text.osEventFlagsNew) for [Anonymous Symbol]
    rtx_evflags.o(.ARM.exidx.text.IsException) refers to rtx_evflags.o(.text.IsException) for [Anonymous Symbol]
[...]
    [Anonymous Symbol]                       0x080016fc   Section        0  rtx_system.o(.text.osRtxPostProcess)
    osRtxSemaphoreObject                     0x08001729   Thumb Code     2  rtx_system.o(.text.osRtxSemaphoreObject)
    [Anonymous Symbol]                       0x08001728   Section        0  rtx_system.o(.text.osRtxSemaphoreObject)
    osRtxSemaphoreObject                     0x0800172d   Thumb Code     2  rtx_thread.o(.text.osRtxSemaphoreObject)
    [Anonymous Symbol]                       0x0800172c   Section        0  rtx_thread.o(.text.osRtxSemaphoreObject)
    osRtxThreadBlock                         0x08001731   Thumb Code    72  rtx_thread.o(.text.osRtxThreadBlock)
    [Anonymous Symbol]                       0x08001730   Section        0  rtx_thread.o(.text.osRtxThreadBlock)
    osRtxThreadDelayInsert                   0x08001779   Thumb Code   160  rtx_thread.o(.text.osRtxThreadDelayInsert)
    [Anonymous Symbol]                       0x08001778   Section        0  rtx_thread.o(.text.osRtxThreadDelayInsert)
    osRtxThreadDelayRemove                   0x08001819   Thumb Code    80  rtx_thread.o(.text.osRtxThreadDelayRemove)
    [Anonymous Symbol]                       0x08001818   Section        0  rtx_thread.o(.text.osRtxThreadDelayRemove)
    [Anonymous Symbol]                       0x08001868   Section        0  rtx_thread.o(.text.osRtxThreadDelayTick)
    osRtxThreadDestroy                       0x08001961   Thumb Code    54  rtx_thread.o(.text.osRtxThreadDestroy)
    [Anonymous Symbol]                       0x08001960   Section        0  rtx_thread.o(.text.osRtxThreadDestroy)
    [Anonymous Symbol]                       0x08001998   Section        0  rtx_thread.o(.text.osRtxThreadDispatch)
    osRtxThreadFree                          0x080019f9   Thumb Code    96  rtx_thread.o(.text.osRtxThreadFree)
    [Anonymous Symbol]                       0x080019f8   Section        0  rtx_thread.o(.text.osRtxThreadFree)
    osRtxThreadGetRunning                    0x08001a59   Thumb Code    12  rtx_msgqueue.o(.text.osRtxThreadGetRunning)
    [Anonymous Symbol]                       0x08001a58   Section        0  rtx_msgqueue.o(.text.osRtxThreadGetRunning)
    osRtxThreadGetRunning                    0x08001a65   Thumb Code    12  rtx_mutex.o(.text.osRtxThreadGetRunning)
    [Anonymous Symbol]                       0x08001a64   Section        0  rtx_mutex.o(.text.osRtxThreadGetRunning)
    osRtxThreadGetRunning                    0x08001a71   Thumb Code    12  rtx_thread.o(.text.osRtxThreadGetRunning)
    [Anonymous Symbol]                       0x08001a70   Section        0  rtx_thread.o(.text.osRtxThreadGetRunning)
    osRtxThreadGetRunning                    0x08001a7d   Thumb Code    12  rtx_timer.o(.text.osRtxThreadGetRunning)
    [Anonymous Symbol]                       0x08001a7c   Section        0  rtx_timer.o(.text.osRtxThreadGetRunning)
    osRtxThreadId                            0x08001a89   Thumb Code     2  rtx_thread.o(.text.osRtxThreadId)
    [Anonymous Symbol]                       0x08001a88   Section        0  rtx_thread.o(.text.osRtxThreadId)
    osRtxThreadJoinWakeup                    0x08001a8d   Thumb Code    38  rtx_thread.o(.text.osRtxThreadJoinWakeup)
    [Anonymous Symbol]                       0x08001a8c   Section        0  rtx_thread.o(.text.osRtxThreadJoinWakeup)
    [Anonymous Symbol]                       0x08001ab4   Section        0  rtx_thread.o(.text.osRtxThreadListGet)
    [Anonymous Symbol]                       0x08001acc   Section        0  rtx_thread.o(.text.osRtxThreadListPut)
    [Anonymous Symbol]                       0x08001b00   Section        0  rtx_thread.o(.text.osRtxThreadListRemove)
    osRtxThreadListRoot                      0x08001b1d   Thumb Code    18  rtx_thread.o(.text.osRtxThreadListRoot)
    [Anonymous Symbol]                       0x08001b1c   Section        0  rtx_thread.o(.text.osRtxThreadListRoot)
    [Anonymous Symbol]                       0x08001b30   Section        0  rtx_thread.o(.text.osRtxThreadListSort)
    osRtxThreadObject                        0x08001b61   Thumb Code     2  rtx_system.o(.text.osRtxThreadObject)
    [Anonymous Symbol]                       0x08001b60   Section        0  rtx_system.o(.text.osRtxThreadObject)
    osRtxThreadObject                        0x08001b65   Thumb Code     2  rtx_thread.o(.text.osRtxThreadObject)
    [Anonymous Symbol]                       0x08001b64   Section        0  rtx_thread.o(.text.osRtxThreadObject)
    osRtxThreadPostProcess                   0x08001b69   Thumb Code    56  rtx_thread.o(.text.osRtxThreadPostProcess)
    [Anonymous Symbol]                       0x08001b68   Section        0  rtx_thread.o(.text.osRtxThreadPostProcess)
    [Anonymous Symbol]                       0x08001ba0   Section        0  rtx_thread.o(.text.osRtxThreadReadyPut)
    [Anonymous Symbol]                       0x08001bb8   Section        0  rtx_thread.o(.text.osRtxThreadRegPtr)
    osRtxThreadSetRunning                    0x08001bc9   Thumb Code    14  rtx_thread.o(.text.osRtxThreadSetRunning)
    [Anonymous Symbol]                       0x08001bc8   Section        0  rtx_thread.o(.text.osRtxThreadSetRunning)
    osRtxThreadSetRunning                    0x08001bd9   Thumb Code    12  rtx_timer.o(.text.osRtxThreadSetRunning)
    [Anonymous Symbol]                       0x08001bd8   Section        0  rtx_timer.o(.text.osRtxThreadSetRunning)
    [Anonymous Symbol]                       0x08001be4   Section        0  rtx_thread.o(.text.osRtxThreadStartup)
    [Anonymous Symbol]                       0x08001c34   Section        0  rtx_thread.o(.text.osRtxThreadSwitch)
    [Anonymous Symbol]                       0x08001c4c   Section        0  rtx_thread.o(.text.osRtxThreadWaitEnter)
    [Anonymous Symbol]                       0x08001ca8   Section        0  rtx_thread.o(.text.osRtxThreadWaitExit)
    [Anonymous Symbol]                       0x08001cd4   Section        0  rtx_system.o(.text.osRtxTick_Handler)
    [Anonymous Symbol]                       0x08001d60   Section        0  rtx_timer.o(.text.osRtxTimerSetup)
    [Anonymous Symbol]                       0x08001d88   Section        0  rtx_timer.o(.text.osRtxTimerThread)
    osRtxTimerTick                           0x08001db5   Thumb Code   136  rtx_timer.o(.text.osRtxTimerTick)
    [Anonymous Symbol]                       0x08001db4   Section        0  rtx_timer.o(.text.osRtxTimerTick)
    [Anonymous Symbol]                       0x08001e3c   Section        0  rtx_thread.o(.text.osThreadExit)
    [Anonymous Symbol]                       0x08001e58   Section        0  rtx_thread.o(.text.osThreadNew)
    os_kernel_is_active                      0x08001e95   Thumb Code    30  rtx_lib.o(.text.os_kernel_is_active)
    [Anonymous Symbol]                       0x08001e94   Section        0  rtx_lib.o(.text.os_kernel_is_active)
    svcRtxDelay                              0x08001eb5   Thumb Code    52  rtx_delay.o(.text.svcRtxDelay)
    [Anonymous Symbol]                       0x08001eb4   Section        0  rtx_delay.o(.text.svcRtxDelay)
    svcRtxKernelGetState                     0x08001ee9   Thumb Code    16  rtx_kernel.o(.text.svcRtxKernelGetState)
    [Anonymous Symbol]                       0x08001ee8   Section        0  rtx_kernel.o(.text.svcRtxKernelGetState)
    svcRtxKernelInitialize                   0x08001ef9   Thumb Code   336  rtx_kernel.o(.text.svcRtxKernelInitialize)
    [Anonymous Symbol]                       0x08001ef8   Section        0  rtx_kernel.o(.text.svcRtxKernelInitialize)
    svcRtxKernelStart                        0x08002049   Thumb Code   132  rtx_kernel.o(.text.svcRtxKernelStart)
    [Anonymous Symbol]                       0x08002048   Section        0  rtx_kernel.o(.text.svcRtxKernelStart)
    svcRtxMessageQueueGet                    0x080020cd   Thumb Code   306  rtx_msgqueue.o(.text.svcRtxMessageQueueGet)
    [Anonymous Symbol]                       0x080020cc   Section        0  rtx_msgqueue.o(.text.svcRtxMessageQueueGet)
    svcRtxMessageQueueNew                    0x08002201   Thumb Code   392  rtx_msgqueue.o(.text.svcRtxMessageQueueNew)
    [Anonymous Symbol]                       0x08002200   Section        0  rtx_msgqueue.o(.text.svcRtxMessageQueueNew)
    svcRtxMessageQueuePut                    0x08002389   Thumb Code   276  rtx_msgqueue.o(.text.svcRtxMessageQueuePut)
    [Anonymous Symbol]                       0x08002388   Section        0  rtx_msgqueue.o(.text.svcRtxMessageQueuePut)
    svcRtxMutexAcquire                       0x0800249d   Thumb Code   230  rtx_mutex.o(.text.svcRtxMutexAcquire)
    [Anonymous Symbol]                       0x0800249c   Section        0  rtx_mutex.o(.text.svcRtxMutexAcquire)
    svcRtxMutexDelete                        0x08002585   Thumb Code   216  rtx_mutex.o(.text.svcRtxMutexDelete)
    [Anonymous Symbol]                       0x08002584   Section        0  rtx_mutex.o(.text.svcRtxMutexDelete)
    svcRtxMutexNew                           0x0800265d   Thumb Code   144  rtx_mutex.o(.text.svcRtxMutexNew)
    [Anonymous Symbol]                       0x0800265c   Section        0  rtx_mutex.o(.text.svcRtxMutexNew)
    svcRtxMutexRelease                       0x080026ed   Thumb Code   248  rtx_mutex.o(.text.svcRtxMutexRelease)
    [Anonymous Symbol]                       0x080026ec   Section        0  rtx_mutex.o(.text.svcRtxMutexRelease)
    svcRtxThreadExit                         0x080027e5   Thumb Code    74  rtx_thread.o(.text.svcRtxThreadExit)
    [Anonymous Symbol]                       0x080027e4   Section        0  rtx_thread.o(.text.svcRtxThreadExit)
    svcRtxThreadNew                          0x08002831   Thumb Code   576  rtx_thread.o(.text.svcRtxThreadNew)
    [Anonymous Symbol]                       0x08002830   Section        0  rtx_thread.o(.text.svcRtxThreadNew)
    $v0                                      0x08002a70   Number         0  fpinit.o(x$fpl$fpinit)
    x$fpl$fpinit                             0x08002a70   Section       26  fpinit.o(x$fpl$fpinit)
    __tagsym$$used.4                         0x08002a8c   Number         0  rtx_lib.o(.rodata)
    __tagsym$$used.5                         0x08002afc   Number         0  rtx_lib.o(.rodata)
    os_idle_thread_attr                      0x08002b48   Data          36  rtx_lib.o(.rodata.os_idle_thread_attr)
    [Anonymous Symbol]                       0x08002b48   Section        0  rtx_lib.o(.rodata.os_idle_thread_attr)
    os_timer_mq_attr                         0x08002b6c   Data          24  rtx_lib.o(.rodata.os_timer_mq_attr)
    [Anonymous Symbol]                       0x08002b6c   Section        0  rtx_lib.o(.rodata.os_timer_mq_attr)
    os_timer_thread_attr                     0x08002b84   Data          36  rtx_lib.o(.rodata.os_timer_thread_attr)
    [Anonymous Symbol]                       0x08002b84   Section        0  rtx_lib.o(.rodata.os_timer_thread_attr)
    .L.str                                   0x08002ba8   Data          11  rtx_kernel.o(.rodata.str1.4)
    [Anonymous Symbol]                       0x08002ba8   Section        0  rtx_kernel.o(.rodata.str1.4)
    .bss                                     0x200000a8   Section       96  libspace.o(.bss)
    os_isr_queue                             0x20000108   Data          64  rtx_lib.o(.bss.os)
    [Anonymous Symbol]                       0x20000108   Section        0  rtx_lib.o(.bss.os)
    os_mem                                   0x20000148   Data       32768  rtx_lib.o(.bss.os)
    PendST                                   0x20008148   Data           1  os_systick.o(.bss.os)
    [Anonymous Symbol]                       0x20008148   Section        0  os_systick.o(.bss.os)
    os_timer_mq_cb                           0x2000814c   Data          52  rtx_lib.o(.bss.os.msgqueue.cb)
    [Anonymous Symbol]                       0x2000814c   Section        0  rtx_lib.o(.bss.os.msgqueue.cb)
    os_timer_mq_data                         0x20008180   Data          80  rtx_lib.o(.bss.os.msgqueue.mem)
    [Anonymous Symbol]                       0x20008180   Section        0  rtx_lib.o(.bss.os.msgqueue.mem)
    os_idle_thread_cb                        0x200081d0   Data          68  rtx_lib.o(.bss.os.thread.cb)
    [Anonymous Symbol]                       0x200081d0   Section        0  rtx_lib.o(.bss.os.thread.cb)
    os_timer_thread_cb                       0x20008214   Data          68  rtx_lib.o(.bss.os.thread.cb)
    os_idle_thread_stack                     0x20008258   Data         512  rtx_lib.o(.bss.os.thread.idle.stack)
    [Anonymous Symbol]                       0x20008258   Section        0  rtx_lib.o(.bss.os.thread.idle.stack)
    os_timer_thread_stack                    0x20008458   Data         512  rtx_lib.o(.bss.os.thread.timer.stack)
    [Anonymous Symbol]                       0x20008458   Section        0  rtx_lib.o(.bss.os.thread.timer.stack)
    os_kernel_is_active.os_kernel_active     0x20008658   Data           1  rtx_lib.o(.bss.os_kernel_is_active.os_kernel_active)
    [Anonymous Symbol]                       0x20008658   Section        0  rtx_lib.o(.bss.os_kernel_is_active.os_kernel_active)
    Heap_Mem                                 0x20008660   Data         512  startup_stm32f407xx.o(HEAP)
    HEAP                                     0x20008660   Section      512  startup_stm32f407xx.o(HEAP)
    Stack_Mem                                0x20008860   Data        1024  startup_stm32f407xx.o(STACK)
    STACK                                    0x20008860   Section     1024  startup_stm32f407xx.o(STACK)
    __initial_sp                             0x20008c60   Data           0  startup_stm32f407xx.o(STACK)
    FPCCR                                    0xe000ef34   Number         0  irq_armv7m.o ABSOLUTE

    Global Symbols

    Symbol Name                              Value     Ov Type        Size  Object(Section)

    BuildAttributes$$THM_ISAv4$E$P$D$K$B$S$7EM$VFPi3$EXTD16$VFPS$VFMA$PE$A:L22UL41UL21$X:L11$S22US41US21$IEEE1$IW$~IW$USESV6$~STKCKD$USESV7$~SHL$OTIME$ROPI$EBA8$UX$STANDARDLIB$REQ8$PRES8$EABIv2 0x00000000   Number         0  anon$$obj.o ABSOLUTE
    .bss.os.evflags.cb$$Base                  - Undefined Weak Reference
    .bss.os.evflags.cb$$Limit                 - Undefined Weak Reference
    .bss.os.mempool.cb$$Base                  - Undefined Weak Reference
    .bss.os.mempool.cb$$Limit                 - Undefined Weak Reference
    .bss.os.mutex.cb$$Base                    - Undefined Weak Reference
    .bss.os.mutex.cb$$Limit                   - Undefined Weak Reference
    .bss.os.semaphore.cb$$Base                - Undefined Weak Reference
    .bss.os.semaphore.cb$$Limit               - Undefined Weak Reference
    .bss.os.timer.cb$$Base                    - Undefined Weak Reference
    .bss.os.timer.cb$$Limit                   - Undefined Weak Reference
    __ARM_exceptions_init                     - Undefined Weak Reference
    __alloca_initialize                       - Undefined Weak Reference
    __arm_preinit_                            - Undefined Weak Reference
    __cpp_initialize__aeabi_                  - Undefined Weak Reference
    __cxa_finalize                            - Undefined Weak Reference
    __rt_locale                               - Undefined Weak Reference
    __sigvec_lookup                           - Undefined Weak Reference
    _atexit_init                              - Undefined Weak Reference
    _call_atexit_fns                          - Undefined Weak Reference
    _clock_init                               - Undefined Weak Reference
    _fp_trap_init                             - Undefined Weak Reference
    _fp_trap_shutdown                         - Undefined Weak Reference
    _get_lc_collate                           - Undefined Weak Reference
    _get_lc_ctype                             - Undefined Weak Reference
    _get_lc_monetary                          - Undefined Weak Reference
    _get_lc_numeric                           - Undefined Weak Reference
    _get_lc_time                              - Undefined Weak Reference
    _getenv_init                              - Undefined Weak Reference
    _handle_redirection                       - Undefined Weak Reference
    _init_alloc                               - Undefined Weak Reference
    _init_user_alloc                          - Undefined Weak Reference
    _initio                                   - Undefined Weak Reference
    _rand_init                                - Undefined Weak Reference
    _signal_finish                            - Undefined Weak Reference
    _signal_init                              - Undefined Weak Reference
    _terminate_alloc                          - Undefined Weak Reference
    _terminate_user_alloc                     - Undefined Weak Reference
    _terminateio                              - Undefined Weak Reference
    __Vectors_Size                           0x00000188   Number         0  startup_stm32f407xx.o ABSOLUTE
    __Vectors                                0x08000000   Data           4  startup_stm32f407xx.o(RESET)
    __Vectors_End                            0x08000188   Data           0  startup_stm32f407xx.o(RESET)
    __main                                   0x08000189   Thumb Code     8  __main.o(!!!main)
    __scatterload                            0x08000191   Thumb Code     0  __scatter.o(!!!scatter)
    __scatterload_rt2                        0x08000191   Thumb Code    44  __scatter.o(!!!scatter)
    __scatterload_rt2_thumb_only             0x08000191   Thumb Code     0  __scatter.o(!!!scatter)
    __scatterload_null                       0x0800019f   Thumb Code     0  __scatter.o(!!!scatter)
    __scatterload_copy                       0x080001c5   Thumb Code    26  __scatter_copy.o(!!handler_copy)
    __scatterload_zeroinit                   0x080001e1   Thumb Code    28  __scatter_zi.o(!!handler_zi)
    __rt_lib_init                            0x080001fd   Thumb Code     0  libinit.o(.ARM.Collect$$libinit$$00000000)
    __rt_lib_init_fp_1                       0x080001ff   Thumb Code     0  libinit2.o(.ARM.Collect$$libinit$$00000001)
    __rt_lib_init_alloca_1                   0x08000203   Thumb Code     0  libinit2.o(.ARM.Collect$$libinit$$0000002E)
    __rt_lib_init_argv_1                     0x08000203   Thumb Code     0  libinit2.o(.ARM.Collect$$libinit$$0000002C)
    __rt_lib_init_atexit_1                   0x08000203   Thumb Code     0  libinit2.o(.ARM.Collect$$libinit$$0000001B)
    __rt_lib_init_clock_1                    0x08000203   Thumb Code     0  libinit2.o(.ARM.Collect$$libinit$$00000021)
    __rt_lib_init_cpp_1                      0x08000203   Thumb Code     0  libinit2.o(.ARM.Collect$$libinit$$00000032)
    __rt_lib_init_exceptions_1               0x08000203   Thumb Code     0  libinit2.o(.ARM.Collect$$libinit$$00000030)
    __rt_lib_init_fp_trap_1                  0x08000203   Thumb Code     0  libinit2.o(.ARM.Collect$$libinit$$0000001F)
    __rt_lib_init_getenv_1                   0x08000203   Thumb Code     0  libinit2.o(.ARM.Collect$$libinit$$00000023)
    __rt_lib_init_heap_1                     0x08000203   Thumb Code     0  libinit2.o(.ARM.Collect$$libinit$$0000000A)
    __rt_lib_init_lc_collate_1               0x08000203   Thumb Code     0  libinit2.o(.ARM.Collect$$libinit$$00000011)
    __rt_lib_init_lc_ctype_1                 0x08000203   Thumb Code     0  libinit2.o(.ARM.Collect$$libinit$$00000013)
    __rt_lib_init_lc_monetary_1              0x08000203   Thumb Code     0  libinit2.o(.ARM.Collect$$libinit$$00000015)
    __rt_lib_init_lc_numeric_1               0x08000203   Thumb Code     0  libinit2.o(.ARM.Collect$$libinit$$00000017)
    __rt_lib_init_lc_time_1                  0x08000203   Thumb Code     0  libinit2.o(.ARM.Collect$$libinit$$00000019)
    __rt_lib_init_preinit_1                  0x08000203   Thumb Code     0  libinit2.o(.ARM.Collect$$libinit$$00000004)
    __rt_lib_init_rand_1                     0x08000203   Thumb Code     0  libinit2.o(.ARM.Collect$$libinit$$0000000E)
    __rt_lib_init_return                     0x08000203   Thumb Code     0  libinit2.o(.ARM.Collect$$libinit$$00000033)
    __rt_lib_init_signal_1                   0x08000203   Thumb Code     0  libinit2.o(.ARM.Collect$$libinit$$0000001D)
    __rt_lib_init_stdio_1                    0x08000203   Thumb Code     0  libinit2.o(.ARM.Collect$$libinit$$00000025)
    __rt_lib_init_user_alloc_1               0x08000203   Thumb Code     0  libinit2.o(.ARM.Collect$$libinit$$0000000C)
    __rt_lib_shutdown                        0x08000205   Thumb Code     0  libshutdown.o(.ARM.Collect$$libshutdown$$00000000)
    __rt_lib_shutdown_cpp_1                  0x08000207   Thumb Code     0  libshutdown2.o(.ARM.Collect$$libshutdown$$00000002)
    __rt_lib_shutdown_fp_trap_1              0x08000207   Thumb Code     0  libshutdown2.o(.ARM.Collect$$libshutdown$$00000007)
    __rt_lib_shutdown_heap_1                 0x08000207   Thumb Code     0  libshutdown2.o(.ARM.Collect$$libshutdown$$0000000F)
    __rt_lib_shutdown_return                 0x08000207   Thumb Code     0  libshutdown2.o(.ARM.Collect$$libshutdown$$00000010)
    __rt_lib_shutdown_signal_1               0x08000207   Thumb Code     0  libshutdown2.o(.ARM.Collect$$libshutdown$$0000000A)
    __rt_lib_shutdown_stdio_1                0x08000207   Thumb Code     0  libshutdown2.o(.ARM.Collect$$libshutdown$$00000004)
    __rt_lib_shutdown_user_alloc_1           0x08000207   Thumb Code     0  libshutdown2.o(.ARM.Collect$$libshutdown$$0000000C)
    __rt_entry                               0x08000209   Thumb Code     0  __rtentry.o(.ARM.Collect$$rtentry$$00000000)
    __rt_entry_presh_1                       0x08000209   Thumb Code     0  __rtentry2.o(.ARM.Collect$$rtentry$$00000002)
    __rt_entry_sh                            0x08000209   Thumb Code     0  __rtentry4.o(.ARM.Collect$$rtentry$$00000004)
    __rt_entry_postsh_1                      0x0800020f   Thumb Code     0  __rtentry2.o(.ARM.Collect$$rtentry$$00000008)
    __rt_entry_li                            0x08000217   Thumb Code     0  __rtentry2.o(.ARM.Collect$$rtentry$$0000000A)
    __rt_entry_main                          0x0800021b   Thumb Code     0  __rtentry2.o(.ARM.Collect$$rtentry$$0000000D)
    __rt_entry_postli_1                      0x0800021b   Thumb Code     0  __rtentry2.o(.ARM.Collect$$rtentry$$0000000C)
    __rt_exit                                0x08000223   Thumb Code     0  rtexit.o(.ARM.Collect$$rtexit$$00000000)
    __rt_exit_ls                             0x08000225   Thumb Code     0  rtexit2.o(.ARM.Collect$$rtexit$$00000003)
    __rt_exit_prels_1                        0x08000225   Thumb Code     0  rtexit2.o(.ARM.Collect$$rtexit$$00000002)
    __rt_exit_exit                           0x08000229   Thumb Code     0  rtexit2.o(.ARM.Collect$$rtexit$$00000004)
    SVC_Handler                              0x08000231   Thumb Code   154  irq_armv7m.o(.text)
    PendSV_Handler                           0x080002cb   Thumb Code    16  irq_armv7m.o(.text)
    SysTick_Handler                          0x080002db   Thumb Code    16  irq_armv7m.o(.text)
    Reset_Handler                            0x080002f9   Thumb Code     8  startup_stm32f407xx.o(.text)
    NMI_Handler                              0x08000301   Thumb Code     2  startup_stm32f407xx.o(.text)
    HardFault_Handler                        0x08000303   Thumb Code     2  startup_stm32f407xx.o(.text)
    MemManage_Handler                        0x08000305   Thumb Code     2  startup_stm32f407xx.o(.text)
    BusFault_Handler                         0x08000307   Thumb Code     2  startup_stm32f407xx.o(.text)
    UsageFault_Handler                       0x08000309   Thumb Code     2  startup_stm32f407xx.o(.text)
    DebugMon_Handler                         0x0800030d   Thumb Code     2  startup_stm32f407xx.o(.text)
    ADC_IRQHandler                           0x08000313   Thumb Code     0  startup_stm32f407xx.o(.text)
    CAN1_RX0_IRQHandler                      0x08000313   Thumb Code     0  startup_stm32f407xx.o(.text)
    CAN1_RX1_IRQHandler                      0x08000313   Thumb Code     0  startup_stm32f407xx.o(.text)
    CAN1_SCE_IRQHandler                      0x08000313   Thumb Code     0  startup_stm32f407xx.o(.text)
    CAN1_TX_IRQHandler                       0x08000313   Thumb Code     0  startup_stm32f407xx.o(.text)
    CAN2_RX0_IRQHandler                      0x08000313   Thumb Code     0  startup_stm32f407xx.o(.text)
    CAN2_RX1_IRQHandler                      0x08000313   Thumb Code     0  startup_stm32f407xx.o(.text)
    CAN2_SCE_IRQHandler                      0x08000313   Thumb Code     0  startup_stm32f407xx.o(.text)
    CAN2_TX_IRQHandler                       0x08000313   Thumb Code     0  startup_stm32f407xx.o(.text)
    DCMI_IRQHandler                          0x08000313   Thumb Code     0  startup_stm32f407xx.o(.text)
    DMA1_Stream0_IRQHandler                  0x08000313   Thumb Code     0  startup_stm32f407xx.o(.text)
    DMA1_Stream1_IRQHandler                  0x08000313   Thumb Code     0  startup_stm32f407xx.o(.text)
    DMA1_Stream2_IRQHandler                  0x08000313   Thumb Code     0  startup_stm32f407xx.o(.text)
    DMA1_Stream3_IRQHandler                  0x08000313   Thumb Code     0  startup_stm32f407xx.o(.text)
    DMA1_Stream4_IRQHandler                  0x08000313   Thumb Code     0  startup_stm32f407xx.o(.text)
    DMA1_Stream5_IRQHandler                  0x08000313   Thumb Code     0  startup_stm32f407xx.o(.text)
    DMA1_Stream6_IRQHandler                  0x08000313   Thumb Code     0  startup_stm32f407xx.o(.text)
    DMA1_Stream7_IRQHandler                  0x08000313   Thumb Code     0  startup_stm32f407xx.o(.text)
    DMA2_Stream0_IRQHandler                  0x08000313   Thumb Code     0  startup_stm32f407xx.o(.text)
    DMA2_Stream1_IRQHandler                  0x08000313   Thumb Code     0  startup_stm32f407xx.o(.text)
    DMA2_Stream2_IRQHandler                  0x08000313   Thumb Code     0  startup_stm32f407xx.o(.text)
    DMA2_Stream3_IRQHandler                  0x08000313   Thumb Code     0  startup_stm32f407xx.o(.text)
    DMA2_Stream4_IRQHandler                  0x08000313   Thumb Code     0  startup_stm32f407xx.o(.text)
    DMA2_Stream5_IRQHandler                  0x08000313   Thumb Code     0  startup_stm32f407xx.o(.text)
    DMA2_Stream6_IRQHandler                  0x08000313   Thumb Code     0  startup_stm32f407xx.o(.text)
    DMA2_Stream7_IRQHandler                  0x08000313   Thumb Code     0  startup_stm32f407xx.o(.text)
    ETH_IRQHandler                           0x08000313   Thumb Code     0  startup_stm32f407xx.o(.text)
    ETH_WKUP_IRQHandler                      0x08000313   Thumb Code     0  startup_stm32f407xx.o(.text)
    EXTI0_IRQHandler                         0x08000313   Thumb Code     0  startup_stm32f407xx.o(.text)
    EXTI15_10_IRQHandler                     0x08000313   Thumb Code     0  startup_stm32f407xx.o(.text)
    EXTI1_IRQHandler                         0x08000313   Thumb Code     0  startup_stm32f407xx.o(.text)
    EXTI2_IRQHandler                         0x08000313   Thumb Code     0  startup_stm32f407xx.o(.text)
    EXTI3_IRQHandler                         0x08000313   Thumb Code     0  startup_stm32f407xx.o(.text)
    EXTI4_IRQHandler                         0x08000313   Thumb Code     0  startup_stm32f407xx.o(.text)
    EXTI9_5_IRQHandler                       0x08000313   Thumb Code     0  startup_stm32f407xx.o(.text)
    FLASH_IRQHandler                         0x08000313   Thumb Code     0  startup_stm32f407xx.o(.text)
    FMC_IRQHandler                           0x08000313   Thumb Code     0  startup_stm32f407xx.o(.text)
    FPU_IRQHandler                           0x08000313   Thumb Code     0  startup_stm32f407xx.o(.text)
    HASH_RNG_IRQHandler                      0x08000313   Thumb Code     0  startup_stm32f407xx.o(.text)
    I2C1_ER_IRQHandler                       0x08000313   Thumb Code     0  startup_stm32f407xx.o(.text)
    I2C1_EV_IRQHandler                       0x08000313   Thumb Code     0  startup_stm32f407xx.o(.text)
    I2C2_ER_IRQHandler                       0x08000313   Thumb Code     0  startup_stm32f407xx.o(.text)
    I2C2_EV_IRQHandler                       0x08000313   Thumb Code     0  startup_stm32f407xx.o(.text)
    I2C3_ER_IRQHandler                       0x08000313   Thumb Code     0  startup_stm32f407xx.o(.text)
    I2C3_EV_IRQHandler                       0x08000313   Thumb Code     0  startup_stm32f407xx.o(.text)
    OTG_FS_IRQHandler                        0x08000313   Thumb Code     0  startup_stm32f407xx.o(.text)
    OTG_FS_WKUP_IRQHandler                   0x08000313   Thumb Code     0  startup_stm32f407xx.o(.text)
    OTG_HS_EP1_IN_IRQHandler                 0x08000313   Thumb Code     0  startup_stm32f407xx.o(.text)
    OTG_HS_EP1_OUT_IRQHandler                0x08000313   Thumb Code     0  startup_stm32f407xx.o(.text)
    OTG_HS_IRQHandler                        0x08000313   Thumb Code     0  startup_stm32f407xx.o(.text)
    OTG_HS_WKUP_IRQHandler                   0x08000313   Thumb Code     0  startup_stm32f407xx.o(.text)
    PVD_IRQHandler                           0x08000313   Thumb Code     0  startup_stm32f407xx.o(.text)
    RCC_IRQHandler                           0x08000313   Thumb Code     0  startup_stm32f407xx.o(.text)
    RTC_Alarm_IRQHandler                     0x08000313   Thumb Code     0  startup_stm32f407xx.o(.text)
    RTC_WKUP_IRQHandler                      0x08000313   Thumb Code     0  startup_stm32f407xx.o(.text)
    SDIO_IRQHandler                          0x08000313   Thumb Code     0  startup_stm32f407xx.o(.text)
    SPI1_IRQHandler                          0x08000313   Thumb Code     0  startup_stm32f407xx.o(.text)
    SPI2_IRQHandler                          0x08000313   Thumb Code     0  startup_stm32f407xx.o(.text)
    SPI3_IRQHandler                          0x08000313   Thumb Code     0  startup_stm32f407xx.o(.text)
    TAMP_STAMP_IRQHandler                    0x08000313   Thumb Code     0  startup_stm32f407xx.o(.text)
    TIM1_BRK_TIM9_IRQHandler                 0x08000313   Thumb Code     0  startup_stm32f407xx.o(.text)
    TIM1_CC_IRQHandler                       0x08000313   Thumb Code     0  startup_stm32f407xx.o(.text)
    TIM1_TRG_COM_TIM11_IRQHandler            0x08000313   Thumb Code     0  startup_stm32f407xx.o(.text)
    TIM1_UP_TIM10_IRQHandler                 0x08000313   Thumb Code     0  startup_stm32f407xx.o(.text)
    TIM2_IRQHandler                          0x08000313   Thumb Code     0  startup_stm32f407xx.o(.text)
    TIM3_IRQHandler                          0x08000313   Thumb Code     0  startup_stm32f407xx.o(.text)
    TIM4_IRQHandler                          0x08000313   Thumb Code     0  startup_stm32f407xx.o(.text)
    TIM5_IRQHandler                          0x08000313   Thumb Code     0  startup_stm32f407xx.o(.text)
    TIM6_DAC_IRQHandler                      0x08000313   Thumb Code     0  startup_stm32f407xx.o(.text)
    TIM7_IRQHandler                          0x08000313   Thumb Code     0  startup_stm32f407xx.o(.text)
    TIM8_BRK_TIM12_IRQHandler                0x08000313   Thumb Code     0  startup_stm32f407xx.o(.text)
    TIM8_CC_IRQHandler                       0x08000313   Thumb Code     0  startup_stm32f407xx.o(.text)
    TIM8_TRG_COM_TIM14_IRQHandler            0x08000313   Thumb Code     0  startup_stm32f407xx.o(.text)
    TIM8_UP_TIM13_IRQHandler                 0x08000313   Thumb Code     0  startup_stm32f407xx.o(.text)
    UART4_IRQHandler                         0x08000313   Thumb Code     0  startup_stm32f407xx.o(.text)
    UART5_IRQHandler                         0x08000313   Thumb Code     0  startup_stm32f407xx.o(.text)
    USART1_IRQHandler                        0x08000313   Thumb Code     0  startup_stm32f407xx.o(.text)
    USART2_IRQHandler                        0x08000313   Thumb Code     0  startup_stm32f407xx.o(.text)
    USART3_IRQHandler                        0x08000313   Thumb Code     0  startup_stm32f407xx.o(.text)
    USART6_IRQHandler                        0x08000313   Thumb Code     0  startup_stm32f407xx.o(.text)
    WWDG_IRQHandler                          0x08000313   Thumb Code     0  startup_stm32f407xx.o(.text)
    __user_initial_stackheap                 0x08000315   Thumb Code     0  startup_stm32f407xx.o(.text)
    __aeabi_memcpy                           0x08000339   Thumb Code     0  rt_memcpy_v6.o(.text)
    __rt_memcpy                              0x08000339   Thumb Code   138  rt_memcpy_v6.o(.text)
    _memcpy_lastbytes                        0x0800039f   Thumb Code     0  rt_memcpy_v6.o(.text)
    __aeabi_memset4                          0x080003c3   Thumb Code    16  aeabi_memset4.o(.text)
    __aeabi_memset8                          0x080003c3   Thumb Code     0  aeabi_memset4.o(.text)
    __aeabi_memclr                           0x080003d3   Thumb Code     0  rt_memclr.o(.text)
    __rt_memclr                              0x080003d3   Thumb Code     0  rt_memclr.o(.text)
    _memset                                  0x080003d7   Thumb Code    64  rt_memclr.o(.text)
    __aeabi_memclr4                          0x08000417   Thumb Code     0  rt_memclr_w.o(.text)
    __aeabi_memclr8                          0x08000417   Thumb Code     0  rt_memclr_w.o(.text)
    __rt_memclr_w                            0x08000417   Thumb Code     0  rt_memclr_w.o(.text)
    _memset_w                                0x0800041b   Thumb Code    74  rt_memclr_w.o(.text)
    __use_two_region_memory                  0x08000465   Thumb Code     2  heapauxi.o(.text)
    __rt_heap_escrow$2region                 0x08000467   Thumb Code     2  heapauxi.o(.text)
    __rt_heap_expand$2region                 0x08000469   Thumb Code     2  heapauxi.o(.text)
    __aeabi_memcpy4                          0x0800046b   Thumb Code     0  rt_memcpy_w.o(.text)
    __aeabi_memcpy8                          0x0800046b   Thumb Code     0  rt_memcpy_w.o(.text)
    __rt_memcpy_w                            0x0800046b   Thumb Code   100  rt_memcpy_w.o(.text)
    _memcpy_lastbytes_aligned                0x080004b3   Thumb Code     0  rt_memcpy_w.o(.text)
    __user_setup_stackheap                   0x080004cf   Thumb Code    74  sys_stackheap_outer.o(.text)
    exit                                     0x08000519   Thumb Code    18  exit.o(.text)
    __user_libspace                          0x0800052d   Thumb Code     8  libspace.o(.text)
    __user_perproc_libspace                  0x0800052d   Thumb Code     0  libspace.o(.text)
    _sys_exit                                0x08000535   Thumb Code     8  sys_exit.o(.text)
    __I$use$semihosting                      0x08000541   Thumb Code     0  use_no_semi.o(.text)
    __use_no_semihosting_swi                 0x08000541   Thumb Code     2  use_no_semi.o(.text)
    __semihosting_library_function           0x08000543   Thumb Code     0  indicate_semi.o(.text)
    EvrRtxDelay                              0x08000545   Thumb Code     2  rtx_evr.o(.text.EvrRtxDelay)
    EvrRtxDelayCompleted                     0x08000549   Thumb Code     2  rtx_evr.o(.text.EvrRtxDelayCompleted)
    EvrRtxDelayError                         0x0800054d   Thumb Code     2  rtx_evr.o(.text.EvrRtxDelayError)
    EvrRtxDelayStarted                       0x08000551   Thumb Code     2  rtx_evr.o(.text.EvrRtxDelayStarted)
    EvrRtxEventFlagsWaitTimeout              0x08000555   Thumb Code     2  rtx_evr.o(.text.EvrRtxEventFlagsWaitTimeout)
    EvrRtxKernelError                        0x08000559   Thumb Code     2  rtx_evr.o(.text.EvrRtxKernelError)
    EvrRtxKernelErrorNotify                  0x0800055d   Thumb Code     2  rtx_evr.o(.text.EvrRtxKernelErrorNotify)
    EvrRtxKernelGetState                     0x08000561   Thumb Code     2  rtx_evr.o(.text.EvrRtxKernelGetState)
    EvrRtxKernelInitialize                   0x08000565   Thumb Code     2  rtx_evr.o(.text.EvrRtxKernelInitialize)
    EvrRtxKernelInitialized                  0x08000569   Thumb Code     2  rtx_evr.o(.text.EvrRtxKernelInitialized)
    EvrRtxKernelStart                        0x0800056d   Thumb Code     2  rtx_evr.o(.text.EvrRtxKernelStart)
    EvrRtxKernelStarted                      0x08000571   Thumb Code     2  rtx_evr.o(.text.EvrRtxKernelStarted)
    EvrRtxMemoryAlloc                        0x08000575   Thumb Code     2  rtx_evr.o(.text.EvrRtxMemoryAlloc)
    EvrRtxMemoryBlockAlloc                   0x08000579   Thumb Code     2  rtx_evr.o(.text.EvrRtxMemoryBlockAlloc)
    EvrRtxMemoryBlockFree                    0x0800057d   Thumb Code     2  rtx_evr.o(.text.EvrRtxMemoryBlockFree)
    EvrRtxMemoryBlockInit                    0x08000581   Thumb Code     2  rtx_evr.o(.text.EvrRtxMemoryBlockInit)
    EvrRtxMemoryFree                         0x08000585   Thumb Code     2  rtx_evr.o(.text.EvrRtxMemoryFree)
    EvrRtxMemoryInit                         0x08000589   Thumb Code     2  rtx_evr.o(.text.EvrRtxMemoryInit)
    EvrRtxMemoryPoolAllocTimeout             0x0800058d   Thumb Code     2  rtx_evr.o(.text.EvrRtxMemoryPoolAllocTimeout)
    EvrRtxMessageQueueCreated                0x08000591   Thumb Code     2  rtx_evr.o(.text.EvrRtxMessageQueueCreated)
    EvrRtxMessageQueueError                  0x08000595   Thumb Code     2  rtx_evr.o(.text.EvrRtxMessageQueueError)
    EvrRtxMessageQueueGet                    0x08000599   Thumb Code     2  rtx_evr.o(.text.EvrRtxMessageQueueGet)
    EvrRtxMessageQueueGetPending             0x0800059d   Thumb Code     2  rtx_evr.o(.text.EvrRtxMessageQueueGetPending)
    EvrRtxMessageQueueGetTimeout             0x080005a1   Thumb Code     2  rtx_evr.o(.text.EvrRtxMessageQueueGetTimeout)
    EvrRtxMessageQueueInsertPending          0x080005a5   Thumb Code     2  rtx_evr.o(.text.EvrRtxMessageQueueInsertPending)
    EvrRtxMessageQueueInserted               0x080005a9   Thumb Code     2  rtx_evr.o(.text.EvrRtxMessageQueueInserted)
    EvrRtxMessageQueueNotInserted            0x080005ad   Thumb Code     2  rtx_evr.o(.text.EvrRtxMessageQueueNotInserted)
    EvrRtxMessageQueueNotRetrieved           0x080005b1   Thumb Code     2  rtx_evr.o(.text.EvrRtxMessageQueueNotRetrieved)
    EvrRtxMessageQueuePut                    0x080005b5   Thumb Code     2  rtx_evr.o(.text.EvrRtxMessageQueuePut)
    EvrRtxMessageQueuePutPending             0x080005b9   Thumb Code     2  rtx_evr.o(.text.EvrRtxMessageQueuePutPending)
    EvrRtxMessageQueuePutTimeout             0x080005bd   Thumb Code     2  rtx_evr.o(.text.EvrRtxMessageQueuePutTimeout)
    EvrRtxMessageQueueRetrieved              0x080005c1   Thumb Code     2  rtx_evr.o(.text.EvrRtxMessageQueueRetrieved)
    EvrRtxMutexAcquire                       0x080005c5   Thumb Code     2  rtx_evr.o(.text.EvrRtxMutexAcquire)
    EvrRtxMutexAcquirePending                0x080005c9   Thumb Code     2  rtx_evr.o(.text.EvrRtxMutexAcquirePending)
    EvrRtxMutexAcquireTimeout                0x080005cd   Thumb Code     2  rtx_evr.o(.text.EvrRtxMutexAcquireTimeout)
    EvrRtxMutexAcquired                      0x080005d1   Thumb Code     2  rtx_evr.o(.text.EvrRtxMutexAcquired)
    EvrRtxMutexCreated                       0x080005d5   Thumb Code     2  rtx_evr.o(.text.EvrRtxMutexCreated)
    EvrRtxMutexDelete                        0x080005d9   Thumb Code     2  rtx_evr.o(.text.EvrRtxMutexDelete)
    EvrRtxMutexDestroyed                     0x080005dd   Thumb Code     2  rtx_evr.o(.text.EvrRtxMutexDestroyed)
    EvrRtxMutexError                         0x080005e1   Thumb Code     2  rtx_evr.o(.text.EvrRtxMutexError)
    EvrRtxMutexNew                           0x080005e5   Thumb Code     2  rtx_evr.o(.text.EvrRtxMutexNew)
    EvrRtxMutexNotAcquired                   0x080005e9   Thumb Code     2  rtx_evr.o(.text.EvrRtxMutexNotAcquired)
    EvrRtxMutexRelease                       0x080005ed   Thumb Code     2  rtx_evr.o(.text.EvrRtxMutexRelease)
    EvrRtxMutexReleased                      0x080005f1   Thumb Code     2  rtx_evr.o(.text.EvrRtxMutexReleased)
    EvrRtxSemaphoreAcquireTimeout            0x080005f5   Thumb Code     2  rtx_evr.o(.text.EvrRtxSemaphoreAcquireTimeout)
    EvrRtxThreadBlocked                      0x080005f9   Thumb Code     2  rtx_evr.o(.text.EvrRtxThreadBlocked)
    EvrRtxThreadCreated                      0x080005fd   Thumb Code     2  rtx_evr.o(.text.EvrRtxThreadCreated)
    EvrRtxThreadDestroyed                    0x08000601   Thumb Code     2  rtx_evr.o(.text.EvrRtxThreadDestroyed)
    EvrRtxThreadError                        0x08000605   Thumb Code     2  rtx_evr.o(.text.EvrRtxThreadError)
    EvrRtxThreadExit                         0x08000609   Thumb Code     2  rtx_evr.o(.text.EvrRtxThreadExit)
    EvrRtxThreadFlagsWaitCompleted           0x0800060d   Thumb Code     2  rtx_evr.o(.text.EvrRtxThreadFlagsWaitCompleted)
    EvrRtxThreadFlagsWaitTimeout             0x08000611   Thumb Code     2  rtx_evr.o(.text.EvrRtxThreadFlagsWaitTimeout)
    EvrRtxThreadJoined                       0x08000615   Thumb Code     2  rtx_evr.o(.text.EvrRtxThreadJoined)
    EvrRtxThreadNew                          0x08000619   Thumb Code     2  rtx_evr.o(.text.EvrRtxThreadNew)
    EvrRtxThreadPreempted                    0x0800061d   Thumb Code     2  rtx_evr.o(.text.EvrRtxThreadPreempted)
    EvrRtxThreadSwitched                     0x08000621   Thumb Code     2  rtx_evr.o(.text.EvrRtxThreadSwitched)
    EvrRtxThreadUnblocked                    0x08000625   Thumb Code     2  rtx_evr.o(.text.EvrRtxThreadUnblocked)
    EvrRtxTimerCallback                      0x08000629   Thumb Code     2  rtx_evr.o(.text.EvrRtxTimerCallback)
    HAL_GPIO_Init                            0x0800062d   Thumb Code   406  stm32f4xx_hal_gpio.o(.text.HAL_GPIO_Init)
    HAL_GPIO_WritePin                        0x080007c5   Thumb Code    10  stm32f4xx_hal_gpio.o(.text.HAL_GPIO_WritePin)
    OS_Tick_AcknowledgeIRQ                   0x08000a19   Thumb Code    12  os_systick.o(.text.OS_Tick_AcknowledgeIRQ)
    OS_Tick_Enable                           0x08000a25   Thumb Code    50  os_systick.o(.text.OS_Tick_Enable)
    OS_Tick_GetIRQn                          0x08000a59   Thumb Code     6  os_systick.o(.text.OS_Tick_GetIRQn)
    OS_Tick_Setup                            0x08000a61   Thumb Code    72  os_systick.o(.text.OS_Tick_Setup)
    SystemCoreClockUpdate                    0x08000af5   Thumb Code   126  system_stm32f4xx.o(.text.SystemCoreClockUpdate)
    SystemInit                               0x08000b75   Thumb Code    18  system_stm32f4xx.o(.text.SystemInit)
    _mutex_acquire                           0x08000c59   Thumb Code    26  rtx_lib.o(.text._mutex_acquire)
    _mutex_free                              0x08000c75   Thumb Code    10  rtx_lib.o(.text._mutex_free)
    _mutex_initialize                        0x08000c81   Thumb Code    32  rtx_lib.o(.text._mutex_initialize)
    _mutex_release                           0x08000ca1   Thumb Code    22  rtx_lib.o(.text._mutex_release)
    _platform_post_stackheap_init            0x08000cb9   Thumb Code     8  rtx_lib.o(.text._platform_post_stackheap_init)
    main                                     0x08000f69   Thumb Code    70  main.o(.text.main)
    osDelay                                  0x08000fb1   Thumb Code    50  rtx_delay.o(.text.osDelay)
    osKernelGetState                         0x08000fe5   Thumb Code    38  rtx_kernel.o(.text.osKernelGetState)
    osKernelInitialize                       0x0800100d   Thumb Code    50  rtx_kernel.o(.text.osKernelInitialize)
    osKernelStart                            0x08001041   Thumb Code    46  rtx_kernel.o(.text.osKernelStart)
    osMessageQueueGet                        0x08001071   Thumb Code    66  rtx_msgqueue.o(.text.osMessageQueueGet)
    osMessageQueuePut                        0x080010b5   Thumb Code    66  rtx_msgqueue.o(.text.osMessageQueuePut)
    osMutexAcquire                           0x080010f9   Thumb Code    56  rtx_mutex.o(.text.osMutexAcquire)
    osMutexDelete                            0x08001131   Thumb Code    52  rtx_mutex.o(.text.osMutexDelete)
    osMutexNew                               0x08001165   Thumb Code    50  rtx_mutex.o(.text.osMutexNew)
    osMutexRelease                           0x08001199   Thumb Code    52  rtx_mutex.o(.text.osMutexRelease)
    osRtxErrorNotify                         0x080011cd   Thumb Code     2  rtx_config.o(.text.osRtxErrorNotify)
    osRtxIdleThread                          0x080011d9   Thumb Code     2  rtx_config.o(.text.osRtxIdleThread)
    osRtxKernelErrorNotify                   0x080011dd   Thumb Code    20  rtx_kernel.o(.text.osRtxKernelErrorNotify)
    osRtxKernelPreInit                       0x08001209   Thumb Code     2  rtx_kernel.o(.text.osRtxKernelPreInit)
    osRtxMemoryAlloc                         0x08001219   Thumb Code   182  rtx_memory.o(.text.osRtxMemoryAlloc)
    osRtxMemoryFree                          0x080012d1   Thumb Code   120  rtx_memory.o(.text.osRtxMemoryFree)
    osRtxMemoryInit                          0x08001349   Thumb Code   100  rtx_memory.o(.text.osRtxMemoryInit)
    osRtxMemoryPoolAlloc                     0x080013ad   Thumb Code    42  rtx_mempool.o(.text.osRtxMemoryPoolAlloc)
    osRtxMemoryPoolFree                      0x080013d9   Thumb Code    66  rtx_mempool.o(.text.osRtxMemoryPoolFree)
    osRtxMemoryPoolInit                      0x0800141d   Thumb Code    96  rtx_mempool.o(.text.osRtxMemoryPoolInit)
    osRtxMessageQueueTimerSetup              0x08001595   Thumb Code    48  rtx_msgqueue.o(.text.osRtxMessageQueueTimerSetup)
    osRtxMutexOwnerRelease                   0x080015cd   Thumb Code   106  rtx_mutex.o(.text.osRtxMutexOwnerRelease)
    osRtxMutexOwnerRestore                   0x08001639   Thumb Code    80  rtx_mutex.o(.text.osRtxMutexOwnerRestore)
    osRtxPendSV_Handler                      0x08001699   Thumb Code   100  rtx_system.o(.text.osRtxPendSV_Handler)
    osRtxPostProcess                         0x080016fd   Thumb Code    44  rtx_system.o(.text.osRtxPostProcess)
    osRtxThreadDelayTick                     0x08001869   Thumb Code   246  rtx_thread.o(.text.osRtxThreadDelayTick)
    osRtxThreadDispatch                      0x08001999   Thumb Code    94  rtx_thread.o(.text.osRtxThreadDispatch)
    osRtxThreadListGet                       0x08001ab5   Thumb Code    24  rtx_thread.o(.text.osRtxThreadListGet)
    osRtxThreadListPut                       0x08001acd   Thumb Code    52  rtx_thread.o(.text.osRtxThreadListPut)
    osRtxThreadListRemove                    0x08001b01   Thumb Code    26  rtx_thread.o(.text.osRtxThreadListRemove)
    osRtxThreadListSort                      0x08001b31   Thumb Code    48  rtx_thread.o(.text.osRtxThreadListSort)
    osRtxThreadReadyPut                      0x08001ba1   Thumb Code    24  rtx_thread.o(.text.osRtxThreadReadyPut)
    osRtxThreadRegPtr                        0x08001bb9   Thumb Code    16  rtx_thread.o(.text.osRtxThreadRegPtr)
    osRtxThreadStartup                       0x08001be5   Thumb Code    80  rtx_thread.o(.text.osRtxThreadStartup)
    osRtxThreadSwitch                        0x08001c35   Thumb Code    22  rtx_thread.o(.text.osRtxThreadSwitch)
    osRtxThreadWaitEnter                     0x08001c4d   Thumb Code    92  rtx_thread.o(.text.osRtxThreadWaitEnter)
    osRtxThreadWaitExit                      0x08001ca9   Thumb Code    42  rtx_thread.o(.text.osRtxThreadWaitExit)
    osRtxTick_Handler                        0x08001cd5   Thumb Code   138  rtx_system.o(.text.osRtxTick_Handler)
    osRtxTimerSetup                          0x08001d61   Thumb Code    38  rtx_timer.o(.text.osRtxTimerSetup)
    osRtxTimerThread                         0x08001d89   Thumb Code    42  rtx_timer.o(.text.osRtxTimerThread)
    osThreadExit                             0x08001e3d   Thumb Code    26  rtx_thread.o(.text.osThreadExit)
    osThreadNew                              0x08001e59   Thumb Code    58  rtx_thread.o(.text.osThreadNew)
    _fp_init                                 0x08002a71   Thumb Code    26  fpinit.o(x$fpl$fpinit)
    __fplib_config_fpu_vfp                   0x08002a89   Thumb Code     0  fpinit.o(x$fpl$fpinit)
    __fplib_config_pureend_doubles           0x08002a89   Thumb Code     0  fpinit.o(x$fpl$fpinit)
    osRtxConfig                              0x08002a8c   Data         112  rtx_lib.o(.rodata)
    os_cb_sections                           0x08002afc   Data          56  rtx_lib.o(.rodata)
    AHBPrescTable                            0x08002b34   Data          16  system_stm32f4xx.o(.rodata.AHBPrescTable)
    osRtxUserSVC                             0x08002b44   Data           4  rtx_lib.o(.rodata.osRtxUserSVC)
    Region$$Table$$Base                      0x08002bb4   Number         0  anon$$obj.o(Region$$Table)
    Region$$Table$$Limit                     0x08002bd4   Number         0  anon$$obj.o(Region$$Table)
    SystemCoreClock                          0x20000000   Data           4  system_stm32f4xx.o(.data.SystemCoreClock)
    osRtxInfo                                0x20000004   Data         164  rtx_kernel.o(.data.os)
    __libspace_start                         0x200000a8   Data          96  libspace.o(.bss)
    __temporary_stack_top$libspace           0x20000108   Data           0  libspace.o(.bss)
    .bss.os.msgqueue.cb$$Base                0x2000814c   Number         0  rtx_lib.o(.bss.os.msgqueue.cb)
    .bss.os.msgqueue.cb$$Limit               0x20008180   Number         0  rtx_lib.o(.bss.os.msgqueue.cb)
    .bss.os.thread.cb$$Base                  0x200081d0   Number         0  rtx_lib.o(.bss.os.thread.cb)
    .bss.os.thread.cb$$Limit                 0x20008258   Number         0  rtx_lib.o(.bss.os.thread.cb)



==============================================================================

Memory Map of the image

  Image Entry point : 0x080002f9

  Load Region LR_1 (Base: 0x08000000, Size: 0x00002c7c, Max: 0xffffffff, ABSOLUTE)

    Execution Region ER_RO (Exec base: 0x08000000, Load base: 0x08000000, Size: 0x00002bd4, Max: 0xffffffff, ABSOLUTE)

    Exec Addr    Load Addr    Size         Type   Attr      Idx    E Section Name        Object

    0x08000000   0x08000000   0x00000188   Data   RO         1455    RESET               startup_stm32f407xx.o
    0x08000188   0x08000188   0x00000008   Code   RO         1491  * !!!main             c_w.l(__main.o)
    0x08000190   0x08000190   0x00000034   Code   RO         1664    !!!scatter          c_w.l(__scatter.o)
    0x080001c4   0x080001c4   0x0000001a   Code   RO         1666    !!handler_copy      c_w.l(__scatter_copy.o)
    0x080001de   0x080001de   0x00000002   PAD
    0x080001e0   0x080001e0   0x0000001c   Code   RO         1668    !!handler_zi        c_w.l(__scatter_zi.o)
    0x080001fc   0x080001fc   0x00000002   Code   RO         1528    .ARM.Collect$$libinit$$00000000  c_w.l(libinit.o)
    0x080001fe   0x080001fe   0x00000004   Code   RO         1540    .ARM.Collect$$libinit$$00000001  c_w.l(libinit2.o)
    0x08000202   0x08000202   0x00000000   Code   RO         1543    .ARM.Collect$$libinit$$00000004  c_w.l(libinit2.o)
    0x08000202   0x08000202   0x00000000   Code   RO         1546    .ARM.Collect$$libinit$$0000000A  c_w.l(libinit2.o)
    0x08000202   0x08000202   0x00000000   Code   RO         1548    .ARM.Collect$$libinit$$0000000C  c_w.l(libinit2.o)
    0x08000202   0x08000202   0x00000000   Code   RO         1550    .ARM.Collect$$libinit$$0000000E  c_w.l(libinit2.o)
    0x08000202   0x08000202   0x00000000   Code   RO         1553    .ARM.Collect$$libinit$$00000011  c_w.l(libinit2.o)
    0x08000202   0x08000202   0x00000000   Code   RO         1555    .ARM.Collect$$libinit$$00000013  c_w.l(libinit2.o)
    0x08000202   0x08000202   0x00000000   Code   RO         1557    .ARM.Collect$$libinit$$00000015  c_w.l(libinit2.o)
    0x08000202   0x08000202   0x00000000   Code   RO         1559    .ARM.Collect$$libinit$$00000017  c_w.l(libinit2.o)
    0x08000202   0x08000202   0x00000000   Code   RO         1561    .ARM.Collect$$libinit$$00000019  c_w.l(libinit2.o)
    0x08000202   0x08000202   0x00000000   Code   RO         1563    .ARM.Collect$$libinit$$0000001B  c_w.l(libinit2.o)
    0x08000202   0x08000202   0x00000000   Code   RO         1565    .ARM.Collect$$libinit$$0000001D  c_w.l(libinit2.o)
    0x08000202   0x08000202   0x00000000   Code   RO         1567    .ARM.Collect$$libinit$$0000001F  c_w.l(libinit2.o)
    0x08000202   0x08000202   0x00000000   Code   RO         1569    .ARM.Collect$$libinit$$00000021  c_w.l(libinit2.o)
    0x08000202   0x08000202   0x00000000   Code   RO         1571    .ARM.Collect$$libinit$$00000023  c_w.l(libinit2.o)
    0x08000202   0x08000202   0x00000000   Code   RO         1573    .ARM.Collect$$libinit$$00000025  c_w.l(libinit2.o)
    0x08000202   0x08000202   0x00000000   Code   RO         1577    .ARM.Collect$$libinit$$0000002C  c_w.l(libinit2.o)
    0x08000202   0x08000202   0x00000000   Code   RO         1579    .ARM.Collect$$libinit$$0000002E  c_w.l(libinit2.o)
    0x08000202   0x08000202   0x00000000   Code   RO         1581    .ARM.Collect$$libinit$$00000030  c_w.l(libinit2.o)
    0x08000202   0x08000202   0x00000000   Code   RO         1583    .ARM.Collect$$libinit$$00000032  c_w.l(libinit2.o)
    0x08000202   0x08000202   0x00000002   Code   RO         1584    .ARM.Collect$$libinit$$00000033  c_w.l(libinit2.o)
    0x08000204   0x08000204   0x00000002   Code   RO         1619    .ARM.Collect$$libshutdown$$00000000  c_w.l(libshutdown.o)
    0x08000206   0x08000206   0x00000000   Code   RO         1647    .ARM.Collect$$libshutdown$$00000002  c_w.l(libshutdown2.o)
    0x08000206   0x08000206   0x00000000   Code   RO         1649    .ARM.Collect$$libshutdown$$00000004  c_w.l(libshutdown2.o)
    0x08000206   0x08000206   0x00000000   Code   RO         1652    .ARM.Collect$$libshutdown$$00000007  c_w.l(libshutdown2.o)
    0x08000206   0x08000206   0x00000000   Code   RO         1655    .ARM.Collect$$libshutdown$$0000000A  c_w.l(libshutdown2.o)
    0x08000206   0x08000206   0x00000000   Code   RO         1657    .ARM.Collect$$libshutdown$$0000000C  c_w.l(libshutdown2.o)
    0x08000206   0x08000206   0x00000000   Code   RO         1660    .ARM.Collect$$libshutdown$$0000000F  c_w.l(libshutdown2.o)
    0x08000206   0x08000206   0x00000002   Code   RO         1661    .ARM.Collect$$libshutdown$$00000010  c_w.l(libshutdown2.o)
    0x08000208   0x08000208   0x00000000   Code   RO         1493    .ARM.Collect$$rtentry$$00000000  c_w.l(__rtentry.o)
    0x08000208   0x08000208   0x00000000   Code   RO         1501    .ARM.Collect$$rtentry$$00000002  c_w.l(__rtentry2.o)
    0x08000208   0x08000208   0x00000006   Code   RO         1513    .ARM.Collect$$rtentry$$00000004  c_w.l(__rtentry4.o)
    0x0800020e   0x0800020e   0x00000008   Code   RO         1502    .ARM.Collect$$rtentry$$00000008  c_w.l(__rtentry2.o)
    0x08000216   0x08000216   0x00000004   Code   RO         1504    .ARM.Collect$$rtentry$$0000000A  c_w.l(__rtentry2.o)
    0x0800021a   0x0800021a   0x00000000   Code   RO         1506    .ARM.Collect$$rtentry$$0000000C  c_w.l(__rtentry2.o)
    0x0800021a   0x0800021a   0x00000008   Code   RO         1507    .ARM.Collect$$rtentry$$0000000D  c_w.l(__rtentry2.o)
    0x08000222   0x08000222   0x00000002   Code   RO         1532    .ARM.Collect$$rtexit$$00000000  c_w.l(rtexit.o)
    0x08000224   0x08000224   0x00000000   Code   RO         1590    .ARM.Collect$$rtexit$$00000002  c_w.l(rtexit2.o)
    0x08000224   0x08000224   0x00000004   Code   RO         1591    .ARM.Collect$$rtexit$$00000003  c_w.l(rtexit2.o)
    0x08000228   0x08000228   0x00000006   Code   RO         1592    .ARM.Collect$$rtexit$$00000004  c_w.l(rtexit2.o)
    0x0800022e   0x0800022e   0x00000002   PAD
    0x08000230   0x08000230   0x000000c8   Code   RO           16    .text               irq_armv7m.o
    0x080002f8   0x080002f8   0x00000040   Code   RO         1456  * .text               startup_stm32f407xx.o
    0x08000338   0x08000338   0x0000008a   Code   RO         1481    .text               c_w.l(rt_memcpy_v6.o)
    0x080003c2   0x080003c2   0x00000010   Code   RO         1483    .text               c_w.l(aeabi_memset4.o)
    0x080003d2   0x080003d2   0x00000044   Code   RO         1485    .text               c_w.l(rt_memclr.o)
    0x08000416   0x08000416   0x0000004e   Code   RO         1487    .text               c_w.l(rt_memclr_w.o)
    0x08000464   0x08000464   0x00000006   Code   RO         1489    .text               c_w.l(heapauxi.o)
    0x0800046a   0x0800046a   0x00000064   Code   RO         1498    .text               c_w.l(rt_memcpy_w.o)
    0x080004ce   0x080004ce   0x0000004a   Code   RO         1517    .text               c_w.l(sys_stackheap_outer.o)
    0x08000518   0x08000518   0x00000012   Code   RO         1519    .text               c_w.l(exit.o)
    0x0800052a   0x0800052a   0x00000002   PAD
    0x0800052c   0x0800052c   0x00000008   Code   RO         1529    .text               c_w.l(libspace.o)
    0x08000534   0x08000534   0x0000000c   Code   RO         1585    .text               c_w.l(sys_exit.o)
    0x08000540   0x08000540   0x00000002   Code   RO         1608    .text               c_w.l(use_no_semi.o)
    0x08000542   0x08000542   0x00000000   Code   RO         1610    .text               c_w.l(indicate_semi.o)
    0x08000542   0x08000542   0x00000002   PAD
    0x08000544   0x08000544   0x00000002   Code   RO          252    .text.EvrRtxDelay   rtx_evr.o
    0x08000546   0x08000546   0x00000002   PAD
    0x08000548   0x08000548   0x00000002   Code   RO          260    .text.EvrRtxDelayCompleted  rtx_evr.o
    0x0800054a   0x0800054a   0x00000002   PAD
    0x0800054c   0x0800054c   0x00000002   Code   RO          250    .text.EvrRtxDelayError  rtx_evr.o
    0x0800054e   0x0800054e   0x00000002   PAD
    0x08000550   0x08000550   0x00000002   Code   RO          256    .text.EvrRtxDelayStarted  rtx_evr.o
    0x08000552   0x08000552   0x00000002   PAD
    0x08000554   0x08000554   0x00000002   Code   RO          308    .text.EvrRtxEventFlagsWaitTimeout  rtx_evr.o
    0x08000556   0x08000556   0x00000002   PAD
    0x08000558   0x08000558   0x00000002   Code   RO          122    .text.EvrRtxKernelError  rtx_evr.o
    0x0800055a   0x0800055a   0x00000002   PAD
    0x0800055c   0x0800055c   0x00000002   Code   RO          166    .text.EvrRtxKernelErrorNotify  rtx_evr.o
    0x0800055e   0x0800055e   0x00000002   PAD
    0x08000560   0x08000560   0x00000002   Code   RO          132    .text.EvrRtxKernelGetState  rtx_evr.o
    0x08000562   0x08000562   0x00000002   PAD
    0x08000564   0x08000564   0x00000002   Code   RO          124    .text.EvrRtxKernelInitialize  rtx_evr.o
    0x08000566   0x08000566   0x00000002   PAD
    0x08000568   0x08000568   0x00000002   Code   RO          126    .text.EvrRtxKernelInitialized  rtx_evr.o
    0x0800056a   0x0800056a   0x00000002   PAD
    0x0800056c   0x0800056c   0x00000002   Code   RO          134    .text.EvrRtxKernelStart  rtx_evr.o
    0x0800056e   0x0800056e   0x00000002   PAD
    0x08000570   0x08000570   0x00000002   Code   RO          136    .text.EvrRtxKernelStarted  rtx_evr.o
    0x08000572   0x08000572   0x00000002   PAD
    0x08000574   0x08000574   0x00000002   Code   RO          112    .text.EvrRtxMemoryAlloc  rtx_evr.o
    0x08000576   0x08000576   0x00000002   PAD
    0x08000578   0x08000578   0x00000002   Code   RO          118    .text.EvrRtxMemoryBlockAlloc  rtx_evr.o
    0x0800057a   0x0800057a   0x00000002   PAD
    0x0800057c   0x0800057c   0x00000002   Code   RO          120    .text.EvrRtxMemoryBlockFree  rtx_evr.o
    0x0800057e   0x0800057e   0x00000002   PAD
    0x08000580   0x08000580   0x00000002   Code   RO          116    .text.EvrRtxMemoryBlockInit  rtx_evr.o
    0x08000582   0x08000582   0x00000002   PAD
    0x08000584   0x08000584   0x00000002   Code   RO          114    .text.EvrRtxMemoryFree  rtx_evr.o
    0x08000586   0x08000586   0x00000002   PAD
    0x08000588   0x08000588   0x00000002   Code   RO          110    .text.EvrRtxMemoryInit  rtx_evr.o
    0x0800058a   0x0800058a   0x00000002   PAD
    0x0800058c   0x0800058c   0x00000002   Code   RO          386    .text.EvrRtxMemoryPoolAllocTimeout  rtx_evr.o
    0x0800058e   0x0800058e   0x00000002   PAD
    0x08000590   0x08000590   0x00000002   Code   RO          414    .text.EvrRtxMessageQueueCreated  rtx_evr.o
    0x08000592   0x08000592   0x00000002   PAD
    0x08000594   0x08000594   0x00000002   Code   RO          410    .text.EvrRtxMessageQueueError  rtx_evr.o
    0x08000596   0x08000596   0x00000002   PAD
    0x08000598   0x08000598   0x00000002   Code   RO          430    .text.EvrRtxMessageQueueGet  rtx_evr.o
    0x0800059a   0x0800059a   0x00000002   PAD
    0x0800059c   0x0800059c   0x00000002   Code   RO          432    .text.EvrRtxMessageQueueGetPending  rtx_evr.o
    0x0800059e   0x0800059e   0x00000002   PAD
    0x080005a0   0x080005a0   0x00000002   Code   RO          434    .text.EvrRtxMessageQueueGetTimeout  rtx_evr.o
    0x080005a2   0x080005a2   0x00000002   PAD
    0x080005a4   0x080005a4   0x00000002   Code   RO          424    .text.EvrRtxMessageQueueInsertPending  rtx_evr.o
    0x080005a6   0x080005a6   0x00000002   PAD
    0x080005a8   0x080005a8   0x00000002   Code   RO          426    .text.EvrRtxMessageQueueInserted  rtx_evr.o
    0x080005aa   0x080005aa   0x00000002   PAD
    0x080005ac   0x080005ac   0x00000002   Code   RO          428    .text.EvrRtxMessageQueueNotInserted  rtx_evr.o
    0x080005ae   0x080005ae   0x00000002   PAD
    0x080005b0   0x080005b0   0x00000002   Code   RO          438    .text.EvrRtxMessageQueueNotRetrieved  rtx_evr.o
    0x080005b2   0x080005b2   0x00000002   PAD
    0x080005b4   0x080005b4   0x00000002   Code   RO          418    .text.EvrRtxMessageQueuePut  rtx_evr.o
    0x080005b6   0x080005b6   0x00000002   PAD
    0x080005b8   0x080005b8   0x00000002   Code   RO          420    .text.EvrRtxMessageQueuePutPending  rtx_evr.o
    0x080005ba   0x080005ba   0x00000002   PAD
    0x080005bc   0x080005bc   0x00000002   Code   RO          422    .text.EvrRtxMessageQueuePutTimeout  rtx_evr.o
    0x080005be   0x080005be   0x00000002   PAD
    0x080005c0   0x080005c0   0x00000002   Code   RO          436    .text.EvrRtxMessageQueueRetrieved  rtx_evr.o
    0x080005c2   0x080005c2   0x00000002   PAD
    0x080005c4   0x080005c4   0x00000002   Code   RO          326    .text.EvrRtxMutexAcquire  rtx_evr.o
    0x080005c6   0x080005c6   0x00000002   PAD
    0x080005c8   0x080005c8   0x00000002   Code   RO          328    .text.EvrRtxMutexAcquirePending  rtx_evr.o
    0x080005ca   0x080005ca   0x00000002   PAD
    0x080005cc   0x080005cc   0x00000002   Code   RO          330    .text.EvrRtxMutexAcquireTimeout  rtx_evr.o
    0x080005ce   0x080005ce   0x00000002   PAD
    0x080005d0   0x080005d0   0x00000002   Code   RO          332    .text.EvrRtxMutexAcquired  rtx_evr.o
    0x080005d2   0x080005d2   0x00000002   PAD
    0x080005d4   0x080005d4   0x00000002   Code   RO          322    .text.EvrRtxMutexCreated  rtx_evr.o
    0x080005d6   0x080005d6   0x00000002   PAD
    0x080005d8   0x080005d8   0x00000002   Code   RO          342    .text.EvrRtxMutexDelete  rtx_evr.o
    0x080005da   0x080005da   0x00000002   PAD
    0x080005dc   0x080005dc   0x00000002   Code   RO          344    .text.EvrRtxMutexDestroyed  rtx_evr.o
    0x080005de   0x080005de   0x00000002   PAD
    0x080005e0   0x080005e0   0x00000002   Code   RO          318    .text.EvrRtxMutexError  rtx_evr.o
    0x080005e2   0x080005e2   0x00000002   PAD
    0x080005e4   0x080005e4   0x00000002   Code   RO          320    .text.EvrRtxMutexNew  rtx_evr.o
    0x080005e6   0x080005e6   0x00000002   PAD
    0x080005e8   0x080005e8   0x00000002   Code   RO          334    .text.EvrRtxMutexNotAcquired  rtx_evr.o
    0x080005ea   0x080005ea   0x00000002   PAD
    0x080005ec   0x080005ec   0x00000002   Code   RO          336    .text.EvrRtxMutexRelease  rtx_evr.o
    0x080005ee   0x080005ee   0x00000002   PAD
    0x080005f0   0x080005f0   0x00000002   Code   RO          338    .text.EvrRtxMutexReleased  rtx_evr.o
    0x080005f2   0x080005f2   0x00000002   PAD
    0x080005f4   0x080005f4   0x00000002   Code   RO          358    .text.EvrRtxSemaphoreAcquireTimeout  rtx_evr.o
    0x080005f6   0x080005f6   0x00000002   PAD
    0x080005f8   0x080005f8   0x00000002   Code   RO          210    .text.EvrRtxThreadBlocked  rtx_evr.o
    0x080005fa   0x080005fa   0x00000002   PAD
    0x080005fc   0x080005fc   0x00000002   Code   RO          172    .text.EvrRtxThreadCreated  rtx_evr.o
    0x080005fe   0x080005fe   0x00000002   PAD
    0x08000600   0x08000600   0x00000002   Code   RO          222    .text.EvrRtxThreadDestroyed  rtx_evr.o
    0x08000602   0x08000602   0x00000002   PAD
    0x08000604   0x08000604   0x00000002   Code   RO          168    .text.EvrRtxThreadError  rtx_evr.o
    0x08000606   0x08000606   0x00000002   PAD
    0x08000608   0x08000608   0x00000002   Code   RO          218    .text.EvrRtxThreadExit  rtx_evr.o
    0x0800060a   0x0800060a   0x00000002   PAD
    0x0800060c   0x0800060c   0x00000002   Code   RO          246    .text.EvrRtxThreadFlagsWaitCompleted  rtx_evr.o
    0x0800060e   0x0800060e   0x00000002   PAD
    0x08000610   0x08000610   0x00000002   Code   RO          244    .text.EvrRtxThreadFlagsWaitTimeout  rtx_evr.o
    0x08000612   0x08000612   0x00000002   PAD
    0x08000614   0x08000614   0x00000002   Code   RO          208    .text.EvrRtxThreadJoined  rtx_evr.o
    0x08000616   0x08000616   0x00000002   PAD
    0x08000618   0x08000618   0x00000002   Code   RO          170    .text.EvrRtxThreadNew  rtx_evr.o
    0x0800061a   0x0800061a   0x00000002   PAD
    0x0800061c   0x0800061c   0x00000002   Code   RO          214    .text.EvrRtxThreadPreempted  rtx_evr.o
    0x0800061e   0x0800061e   0x00000002   PAD
    0x08000620   0x08000620   0x00000002   Code   RO          216    .text.EvrRtxThreadSwitched  rtx_evr.o
    0x08000622   0x08000622   0x00000002   PAD
    0x08000624   0x08000624   0x00000002   Code   RO          212    .text.EvrRtxThreadUnblocked  rtx_evr.o
    0x08000626   0x08000626   0x00000002   PAD
    0x08000628   0x08000628   0x00000002   Code   RO          264    .text.EvrRtxTimerCallback  rtx_evr.o
    0x0800062a   0x0800062a   0x00000002   PAD
    0x0800062c   0x0800062c   0x00000196   Code   RO         1312    .text.HAL_GPIO_Init  stm32f4xx_hal_gpio.o
    0x080007c2   0x080007c2   0x00000002   PAD
    0x080007c4   0x080007c4   0x0000000a   Code   RO         1318    .text.HAL_GPIO_WritePin  stm32f4xx_hal_gpio.o
    0x080007ce   0x080007ce   0x00000002   PAD
    0x080007d0   0x080007d0   0x0000000c   Code   RO           26    .text.IsException   rtx_delay.o
    0x080007dc   0x080007dc   0x0000000c   Code   RO          469    .text.IsException   rtx_kernel.o
    0x080007e8   0x080007e8   0x0000000c   Code   RO          689    .text.IsException   rtx_msgqueue.o
    0x080007f4   0x080007f4   0x0000000c   Code   RO          767    .text.IsException   rtx_mutex.o
    0x08000800   0x08000800   0x0000000c   Code   RO          959    .text.IsException   rtx_thread.o
    0x0800080c   0x0800080c   0x00000018   Code   RO           28    .text.IsIrqMasked   rtx_delay.o
    0x08000824   0x08000824   0x00000018   Code   RO          471    .text.IsIrqMasked   rtx_kernel.o
    0x0800083c   0x0800083c   0x00000018   Code   RO          691    .text.IsIrqMasked   rtx_msgqueue.o
    0x08000854   0x08000854   0x00000018   Code   RO          769    .text.IsIrqMasked   rtx_mutex.o
    0x0800086c   0x0800086c   0x00000018   Code   RO          961    .text.IsIrqMasked   rtx_thread.o
    0x08000884   0x08000884   0x0000000c   Code   RO          475    .text.IsPrivileged  rtx_kernel.o
    0x08000890   0x08000890   0x000000a6   Code   RO            4    .text.LED_Blink_PortD  main.o
    0x08000936   0x08000936   0x00000002   PAD
    0x08000938   0x08000938   0x00000032   Code   RO            6    .text.LED_Blink_PortE  main.o
    0x0800096a   0x0800096a   0x00000002   PAD
    0x0800096c   0x0800096c   0x00000004   Code   RO          593    .text.MemBlockPtr   rtx_memory.o
    0x08000970   0x08000970   0x00000002   Code   RO          591    .text.MemHeadPtr    rtx_memory.o
    0x08000972   0x08000972   0x00000002   PAD
    0x08000974   0x08000974   0x0000002a   Code   RO          739    .text.MessageQueueGet  rtx_msgqueue.o
    0x0800099e   0x0800099e   0x00000002   PAD
    0x080009a0   0x080009a0   0x00000054   Code   RO          729    .text.MessageQueuePut  rtx_msgqueue.o
    0x080009f4   0x080009f4   0x00000024   Code   RO          725    .text.MessageQueueRemove  rtx_msgqueue.o
    0x08000a18   0x08000a18   0x0000000c   Code   RO         1143    .text.OS_Tick_AcknowledgeIRQ  os_systick.o
    0x08000a24   0x08000a24   0x00000032   Code   RO         1139    .text.OS_Tick_Enable  os_systick.o
    0x08000a56   0x08000a56   0x00000002   PAD
    0x08000a58   0x08000a58   0x00000006   Code   RO         1145    .text.OS_Tick_GetIRQn  os_systick.o
    0x08000a5e   0x08000a5e   0x00000002   PAD
    0x08000a60   0x08000a60   0x00000048   Code   RO         1137    .text.OS_Tick_Setup  os_systick.o
    0x08000aa8   0x08000aa8   0x00000030   Code   RO          517    .text.SVC_Setup     rtx_kernel.o
    0x08000ad8   0x08000ad8   0x00000010   Code   RO          883    .text.SetPendSV     rtx_system.o
    0x08000ae8   0x08000ae8   0x0000000c   Code   RO          931    .text.StackOffsetR0  rtx_thread.o
    0x08000af4   0x08000af4   0x0000007e   Code   RO         1465    .text.SystemCoreClockUpdate  system_stm32f4xx.o
    0x08000b72   0x08000b72   0x00000002   PAD
    0x08000b74   0x08000b74   0x00000012   Code   RO         1463    .text.SystemInit    system_stm32f4xx.o
    0x08000b86   0x08000b86   0x00000002   PAD
    0x08000b88   0x08000b88   0x0000003e   Code   RO         1009    .text.ThreadFlagsCheck  rtx_thread.o
    0x08000bc6   0x08000bc6   0x00000002   PAD
    0x08000bc8   0x08000bc8   0x00000068   Code   RO         1111    .text.TimerInsert   rtx_timer.o
    0x08000c30   0x08000c30   0x00000016   Code   RO         1107    .text.TimerUnlink   rtx_timer.o
    0x08000c46   0x08000c46   0x00000002   PAD
    0x08000c48   0x08000c48   0x00000010   Code   RO          519    .text.__NVIC_GetPriorityGrouping  rtx_kernel.o
    0x08000c58   0x08000c58   0x0000001a   Code   RO          561    .text._mutex_acquire  rtx_lib.o
    0x08000c72   0x08000c72   0x00000002   PAD
    0x08000c74   0x08000c74   0x0000000a   Code   RO          565    .text._mutex_free   rtx_lib.o
    0x08000c7e   0x08000c7e   0x00000002   PAD
    0x08000c80   0x08000c80   0x00000020   Code   RO          559    .text._mutex_initialize  rtx_lib.o
    0x08000ca0   0x08000ca0   0x00000016   Code   RO          563    .text._mutex_release  rtx_lib.o
    0x08000cb6   0x08000cb6   0x00000002   PAD
    0x08000cb8   0x08000cb8   0x00000008   Code   RO          553    .text._platform_post_stackheap_init  rtx_lib.o
    0x08000cc0   0x08000cc0   0x00000026   Code   RO         1011    .text.atomic_chk32_all  rtx_thread.o
    0x08000ce6   0x08000ce6   0x00000002   PAD
    0x08000ce8   0x08000ce8   0x00000022   Code   RO         1013    .text.atomic_chk32_any  rtx_thread.o
    0x08000d0a   0x08000d0a   0x00000002   PAD
    0x08000d0c   0x08000d0c   0x00000024   Code   RO          885    .text.atomic_dec16_nz  rtx_system.o
    0x08000d30   0x08000d30   0x00000010   Code   RO          619    .text.atomic_dec32  rtx_mempool.o
    0x08000d40   0x08000d40   0x0000001a   Code   RO          741    .text.atomic_dec32_nz  rtx_msgqueue.o
    0x08000d5a   0x08000d5a   0x00000002   PAD
    0x08000d5c   0x08000d5c   0x0000001a   Code   RO          887    .text.atomic_inc16_lim  rtx_system.o
    0x08000d76   0x08000d76   0x00000002   PAD
    0x08000d78   0x08000d78   0x00000028   Code   RO          891    .text.atomic_inc16_lt  rtx_system.o
    0x08000da0   0x08000da0   0x00000010   Code   RO          613    .text.atomic_inc32  rtx_mempool.o
    0x08000db0   0x08000db0   0x00000010   Code   RO          731    .text.atomic_inc32  rtx_msgqueue.o
    0x08000dc0   0x08000dc0   0x0000001a   Code   RO          611    .text.atomic_link_get  rtx_mempool.o
    0x08000dda   0x08000dda   0x00000002   PAD
    0x08000ddc   0x08000ddc   0x0000001e   Code   RO          617    .text.atomic_link_put  rtx_mempool.o
    0x08000dfa   0x08000dfa   0x00000002   PAD
    0x08000dfc   0x08000dfc   0x00000012   Code   RO          743    .text.atomic_wr8    rtx_msgqueue.o
    0x08000e0e   0x08000e0e   0x00000002   PAD
    0x08000e10   0x08000e10   0x00000074   Code   RO          701    .text.isrRtxMessageQueueGet  rtx_msgqueue.o
    0x08000e84   0x08000e84   0x0000007e   Code   RO          697    .text.isrRtxMessageQueuePut  rtx_msgqueue.o
    0x08000f02   0x08000f02   0x00000002   PAD
    0x08000f04   0x08000f04   0x0000002e   Code   RO          867    .text.isr_queue_get  rtx_system.o
    0x08000f32   0x08000f32   0x00000002   PAD
    0x08000f34   0x08000f34   0x00000032   Code   RO          881    .text.isr_queue_put  rtx_system.o
    0x08000f66   0x08000f66   0x00000002   PAD
    0x08000f68   0x08000f68   0x00000046   Code   RO            2    .text.main          main.o
    0x08000fae   0x08000fae   0x00000002   PAD
    0x08000fb0   0x08000fb0   0x00000032   Code   RO           24    .text.osDelay       rtx_delay.o
    0x08000fe2   0x08000fe2   0x00000002   PAD
    0x08000fe4   0x08000fe4   0x00000026   Code   RO          479    .text.osKernelGetState  rtx_kernel.o
    0x0800100a   0x0800100a   0x00000002   PAD
    0x0800100c   0x0800100c   0x00000032   Code   RO          467    .text.osKernelInitialize  rtx_kernel.o
    0x0800103e   0x0800103e   0x00000002   PAD
    0x08001040   0x08001040   0x0000002e   Code   RO          483    .text.osKernelStart  rtx_kernel.o
    0x0800106e   0x0800106e   0x00000002   PAD
    0x08001070   0x08001070   0x00000042   Code   RO          699    .text.osMessageQueueGet  rtx_msgqueue.o
    0x080010b2   0x080010b2   0x00000002   PAD
    0x080010b4   0x080010b4   0x00000042   Code   RO          695    .text.osMessageQueuePut  rtx_msgqueue.o
    0x080010f6   0x080010f6   0x00000002   PAD
    0x080010f8   0x080010f8   0x00000038   Code   RO          773    .text.osMutexAcquire  rtx_mutex.o
    0x08001130   0x08001130   0x00000034   Code   RO          779    .text.osMutexDelete  rtx_mutex.o
    0x08001164   0x08001164   0x00000032   Code   RO          765    .text.osMutexNew    rtx_mutex.o
    0x08001196   0x08001196   0x00000002   PAD
    0x08001198   0x08001198   0x00000034   Code   RO          775    .text.osMutexRelease  rtx_mutex.o
    0x080011cc   0x080011cc   0x00000002   Code   RO         1166    .text.osRtxErrorNotify  rtx_config.o
    0x080011ce   0x080011ce   0x00000002   PAD
    0x080011d0   0x080011d0   0x00000002   Code   RO          871    .text.osRtxEventFlagsObject  rtx_system.o
    0x080011d2   0x080011d2   0x00000002   PAD
    0x080011d4   0x080011d4   0x00000002   Code   RO          919    .text.osRtxEventFlagsObject  rtx_thread.o
    0x080011d6   0x080011d6   0x00000002   PAD
    0x080011d8   0x080011d8   0x00000002   Code   RO         1164    .text.osRtxIdleThread  rtx_config.o
    0x080011da   0x080011da   0x00000002   PAD
    0x080011dc   0x080011dc   0x00000014   Code   RO          465    .text.osRtxKernelErrorNotify  rtx_kernel.o
    0x080011f0   0x080011f0   0x0000000c   Code   RO          863    .text.osRtxKernelGetState  rtx_system.o
    0x080011fc   0x080011fc   0x0000000c   Code   RO          937    .text.osRtxKernelGetState  rtx_thread.o
    0x08001208   0x08001208   0x00000002   Code   RO          463    .text.osRtxKernelPreInit  rtx_kernel.o
    0x0800120a   0x0800120a   0x00000002   PAD
    0x0800120c   0x0800120c   0x0000000c   Code   RO          513    .text.osRtxKernelState  rtx_kernel.o
    0x08001218   0x08001218   0x000000b6   Code   RO          595    .text.osRtxMemoryAlloc  rtx_memory.o
    0x080012ce   0x080012ce   0x00000002   PAD
    0x080012d0   0x080012d0   0x00000078   Code   RO          597    .text.osRtxMemoryFree  rtx_memory.o
    0x08001348   0x08001348   0x00000064   Code   RO          589    .text.osRtxMemoryInit  rtx_memory.o
    0x080013ac   0x080013ac   0x0000002a   Code   RO          609    .text.osRtxMemoryPoolAlloc  rtx_mempool.o
    0x080013d6   0x080013d6   0x00000002   PAD
    0x080013d8   0x080013d8   0x00000042   Code   RO          615    .text.osRtxMemoryPoolFree  rtx_mempool.o
    0x0800141a   0x0800141a   0x00000002   PAD
    0x0800141c   0x0800141c   0x00000060   Code   RO          607    .text.osRtxMemoryPoolInit  rtx_mempool.o
    0x0800147c   0x0800147c   0x00000002   Code   RO          875    .text.osRtxMemoryPoolObject  rtx_system.o
    0x0800147e   0x0800147e   0x00000002   PAD
    0x08001480   0x08001480   0x00000002   Code   RO          925    .text.osRtxMemoryPoolObject  rtx_thread.o
    0x08001482   0x08001482   0x00000002   PAD
    0x08001484   0x08001484   0x00000002   Code   RO          877    .text.osRtxMessageObject  rtx_system.o
    0x08001486   0x08001486   0x00000002   PAD
    0x08001488   0x08001488   0x00000002   Code   RO          683    .text.osRtxMessageQueueId  rtx_msgqueue.o
    0x0800148a   0x0800148a   0x00000002   PAD
    0x0800148c   0x0800148c   0x00000002   Code   RO          927    .text.osRtxMessageQueueObject  rtx_thread.o
    0x0800148e   0x0800148e   0x00000002   PAD
    0x08001490   0x08001490   0x00000102   Code   RO          723    .text.osRtxMessageQueuePostProcess  rtx_msgqueue.o
    0x08001592   0x08001592   0x00000002   PAD
    0x08001594   0x08001594   0x00000030   Code   RO          681    .text.osRtxMessageQueueTimerSetup  rtx_msgqueue.o
    0x080015c4   0x080015c4   0x00000002   Code   RO          785    .text.osRtxMutexId  rtx_mutex.o
    0x080015c6   0x080015c6   0x00000002   PAD
    0x080015c8   0x080015c8   0x00000002   Code   RO          921    .text.osRtxMutexObject  rtx_thread.o
    0x080015ca   0x080015ca   0x00000002   PAD
    0x080015cc   0x080015cc   0x0000006a   Code   RO          759    .text.osRtxMutexOwnerRelease  rtx_mutex.o
    0x08001636   0x08001636   0x00000002   PAD
    0x08001638   0x08001638   0x00000050   Code   RO          763    .text.osRtxMutexOwnerRestore  rtx_mutex.o
    0x08001688   0x08001688   0x00000002   Code   RO          727    .text.osRtxObject   rtx_msgqueue.o
    0x0800168a   0x0800168a   0x00000002   PAD
    0x0800168c   0x0800168c   0x00000002   Code   RO          761    .text.osRtxObject   rtx_mutex.o
    0x0800168e   0x0800168e   0x00000002   PAD
    0x08001690   0x08001690   0x00000002   Code   RO          889    .text.osRtxObject   rtx_system.o
    0x08001692   0x08001692   0x00000002   PAD
    0x08001694   0x08001694   0x00000002   Code   RO          909    .text.osRtxObject   rtx_thread.o
    0x08001696   0x08001696   0x00000002   PAD
    0x08001698   0x08001698   0x00000064   Code   RO          865    .text.osRtxPendSV_Handler  rtx_system.o
    0x080016fc   0x080016fc   0x0000002c   Code   RO          879    .text.osRtxPostProcess  rtx_system.o
    0x08001728   0x08001728   0x00000002   Code   RO          873    .text.osRtxSemaphoreObject  rtx_system.o
    0x0800172a   0x0800172a   0x00000002   PAD
    0x0800172c   0x0800172c   0x00000002   Code   RO          923    .text.osRtxSemaphoreObject  rtx_thread.o
    0x0800172e   0x0800172e   0x00000002   PAD
    0x08001730   0x08001730   0x00000048   Code   RO          941    .text.osRtxThreadBlock  rtx_thread.o
    0x08001778   0x08001778   0x000000a0   Code   RO          949    .text.osRtxThreadDelayInsert  rtx_thread.o
    0x08001818   0x08001818   0x00000050   Code   RO          945    .text.osRtxThreadDelayRemove  rtx_thread.o
    0x08001868   0x08001868   0x000000f6   Code   RO          915    .text.osRtxThreadDelayTick  rtx_thread.o
    0x0800195e   0x0800195e   0x00000002   PAD
    0x08001960   0x08001960   0x00000036   Code   RO         1051    .text.osRtxThreadDestroy  rtx_thread.o
    0x08001996   0x08001996   0x00000002   PAD
    0x08001998   0x08001998   0x0000005e   Code   RO          935    .text.osRtxThreadDispatch  rtx_thread.o
    0x080019f6   0x080019f6   0x00000002   PAD
    0x080019f8   0x080019f8   0x00000060   Code   RO         1041    .text.osRtxThreadFree  rtx_thread.o
    0x08001a58   0x08001a58   0x0000000c   Code   RO          737    .text.osRtxThreadGetRunning  rtx_msgqueue.o
    0x08001a64   0x08001a64   0x0000000c   Code   RO          789    .text.osRtxThreadGetRunning  rtx_mutex.o
    0x08001a70   0x08001a70   0x0000000c   Code   RO          939    .text.osRtxThreadGetRunning  rtx_thread.o
    0x08001a7c   0x08001a7c   0x0000000c   Code   RO         1105    .text.osRtxThreadGetRunning  rtx_timer.o
    0x08001a88   0x08001a88   0x00000002   Code   RO          953    .text.osRtxThreadId  rtx_thread.o
    0x08001a8a   0x08001a8a   0x00000002   PAD
    0x08001a8c   0x08001a8c   0x00000026   Code   RO         1047    .text.osRtxThreadJoinWakeup  rtx_thread.o
    0x08001ab2   0x08001ab2   0x00000002   PAD
    0x08001ab4   0x08001ab4   0x00000018   Code   RO          905    .text.osRtxThreadListGet  rtx_thread.o
    0x08001acc   0x08001acc   0x00000034   Code   RO          901    .text.osRtxThreadListPut  rtx_thread.o
    0x08001b00   0x08001b00   0x0000001a   Code   RO          911    .text.osRtxThreadListRemove  rtx_thread.o
    0x08001b1a   0x08001b1a   0x00000002   PAD
    0x08001b1c   0x08001b1c   0x00000012   Code   RO          917    .text.osRtxThreadListRoot  rtx_thread.o
    0x08001b2e   0x08001b2e   0x00000002   PAD
    0x08001b30   0x08001b30   0x00000030   Code   RO          907    .text.osRtxThreadListSort  rtx_thread.o
    0x08001b60   0x08001b60   0x00000002   Code   RO          869    .text.osRtxThreadObject  rtx_system.o
    0x08001b62   0x08001b62   0x00000002   PAD
    0x08001b64   0x08001b64   0x00000002   Code   RO          903    .text.osRtxThreadObject  rtx_thread.o
    0x08001b66   0x08001b66   0x00000002   PAD
    0x08001b68   0x08001b68   0x00000038   Code   RO         1007    .text.osRtxThreadPostProcess  rtx_thread.o
    0x08001ba0   0x08001ba0   0x00000018   Code   RO          913    .text.osRtxThreadReadyPut  rtx_thread.o
    0x08001bb8   0x08001bb8   0x00000010   Code   RO          929    .text.osRtxThreadRegPtr  rtx_thread.o
    0x08001bc8   0x08001bc8   0x0000000e   Code   RO         1049    .text.osRtxThreadSetRunning  rtx_thread.o
    0x08001bd6   0x08001bd6   0x00000002   PAD
    0x08001bd8   0x08001bd8   0x0000000c   Code   RO         1109    .text.osRtxThreadSetRunning  rtx_timer.o
    0x08001be4   0x08001be4   0x00000050   Code   RO          951    .text.osRtxThreadStartup  rtx_thread.o
    0x08001c34   0x08001c34   0x00000016   Code   RO          933    .text.osRtxThreadSwitch  rtx_thread.o
    0x08001c4a   0x08001c4a   0x00000002   PAD
    0x08001c4c   0x08001c4c   0x0000005c   Code   RO          947    .text.osRtxThreadWaitEnter  rtx_thread.o
    0x08001ca8   0x08001ca8   0x0000002a   Code   RO          943    .text.osRtxThreadWaitExit  rtx_thread.o
    0x08001cd2   0x08001cd2   0x00000002   PAD
    0x08001cd4   0x08001cd4   0x0000008a   Code   RO          861    .text.osRtxTick_Handler  rtx_system.o
    0x08001d5e   0x08001d5e   0x00000002   PAD
    0x08001d60   0x08001d60   0x00000026   Code   RO         1083    .text.osRtxTimerSetup  rtx_timer.o
    0x08001d86   0x08001d86   0x00000002   PAD
    0x08001d88   0x08001d88   0x0000002a   Code   RO         1087    .text.osRtxTimerThread  rtx_timer.o
    0x08001db2   0x08001db2   0x00000002   PAD
    0x08001db4   0x08001db4   0x00000088   Code   RO         1085    .text.osRtxTimerTick  rtx_timer.o
    0x08001e3c   0x08001e3c   0x0000001a   Code   RO          989    .text.osThreadExit  rtx_thread.o
    0x08001e56   0x08001e56   0x00000002   PAD
    0x08001e58   0x08001e58   0x0000003a   Code   RO          957    .text.osThreadNew   rtx_thread.o
    0x08001e92   0x08001e92   0x00000002   PAD
    0x08001e94   0x08001e94   0x0000001e   Code   RO          557    .text.os_kernel_is_active  rtx_lib.o
    0x08001eb2   0x08001eb2   0x00000002   PAD
    0x08001eb4   0x08001eb4   0x00000034   Code   RO           32    .text.svcRtxDelay   rtx_delay.o
    0x08001ee8   0x08001ee8   0x00000010   Code   RO          481    .text.svcRtxKernelGetState  rtx_kernel.o
    0x08001ef8   0x08001ef8   0x00000150   Code   RO          511    .text.svcRtxKernelInitialize  rtx_kernel.o
    0x08002048   0x08002048   0x00000084   Code   RO          515    .text.svcRtxKernelStart  rtx_kernel.o
    0x080020cc   0x080020cc   0x00000132   Code   RO          745    .text.svcRtxMessageQueueGet  rtx_msgqueue.o
    0x080021fe   0x080021fe   0x00000002   PAD
    0x08002200   0x08002200   0x00000188   Code   RO          685    .text.svcRtxMessageQueueNew  rtx_msgqueue.o
    0x08002388   0x08002388   0x00000114   Code   RO          735    .text.svcRtxMessageQueuePut  rtx_msgqueue.o
    0x0800249c   0x0800249c   0x000000e6   Code   RO          787    .text.svcRtxMutexAcquire  rtx_mutex.o
    0x08002582   0x08002582   0x00000002   PAD
    0x08002584   0x08002584   0x000000d8   Code   RO          795    .text.svcRtxMutexDelete  rtx_mutex.o
    0x0800265c   0x0800265c   0x00000090   Code   RO          781    .text.svcRtxMutexNew  rtx_mutex.o
    0x080026ec   0x080026ec   0x000000f8   Code   RO          791    .text.svcRtxMutexRelease  rtx_mutex.o
    0x080027e4   0x080027e4   0x0000004a   Code   RO         1045    .text.svcRtxThreadExit  rtx_thread.o
    0x0800282e   0x0800282e   0x00000002   PAD
    0x08002830   0x08002830   0x00000240   Code   RO          955    .text.svcRtxThreadNew  rtx_thread.o
    0x08002a70   0x08002a70   0x0000001a   Code   RO         1602    x$fpl$fpinit        fz_wm.l(fpinit.o)
    0x08002a8a   0x08002a8a   0x00000002   PAD
    0x08002a8c   0x08002a8c   0x000000a8   Data   RO          571    .rodata             rtx_lib.o
    0x08002b34   0x08002b34   0x00000010   Data   RO         1468    .rodata.AHBPrescTable  system_stm32f4xx.o
    0x08002b44   0x08002b44   0x00000004   Data   RO          573    .rodata.osRtxUserSVC  rtx_lib.o
    0x08002b48   0x08002b48   0x00000024   Data   RO          568    .rodata.os_idle_thread_attr  rtx_lib.o
    0x08002b6c   0x08002b6c   0x00000018   Data   RO          570    .rodata.os_timer_mq_attr  rtx_lib.o
    0x08002b84   0x08002b84   0x00000024   Data   RO          569    .rodata.os_timer_thread_attr  rtx_lib.o
    0x08002ba8   0x08002ba8   0x0000000b   Data   RO          543    .rodata.str1.4      rtx_kernel.o
    0x08002bb3   0x08002bb3   0x00000001   PAD
    0x08002bb4   0x08002bb4   0x00000020   Data   RO         1663    Region$$Table       anon$$obj.o


    Execution Region ER_RW (Exec base: 0x20000000, Load base: 0x08002bd4, Size: 0x000000a8, Max: 0xffffffff, ABSOLUTE)

    Exec Addr    Load Addr    Size         Type   Attr      Idx    E Section Name        Object

    0x20000000   0x08002bd4   0x00000004   Data   RW         1467    .data.SystemCoreClock  system_stm32f4xx.o
    0x20000004   0x08002bd8   0x000000a4   Data   RW          544    .data.os            rtx_kernel.o


    Execution Region ER_ZI (Exec base: 0x200000a8, Load base: 0x08002c7c, Size: 0x00008bb8, Max: 0xffffffff, ABSOLUTE)

    Exec Addr    Load Addr    Size         Type   Attr      Idx    E Section Name        Object

    0x200000a8        -       0x00000060   Zero   RW         1530    .bss                c_w.l(libspace.o)
    0x20000108        -       0x00008040   Zero   RW          567    .bss.os             rtx_lib.o
    0x20008148        -       0x00000001   Zero   RW         1155    .bss.os             os_systick.o
    0x20008149   0x08002c7c   0x00000003   PAD
    0x2000814c        -       0x00000034   Zero   RW          578    .bss.os.msgqueue.cb  rtx_lib.o
    0x20008180        -       0x00000050   Zero   RW          579    .bss.os.msgqueue.mem  rtx_lib.o
    0x200081d0        -       0x00000088   Zero   RW          575    .bss.os.thread.cb   rtx_lib.o
    0x20008258        -       0x00000200   Zero   RW          576    .bss.os.thread.idle.stack  rtx_lib.o
    0x20008458        -       0x00000200   Zero   RW          577    .bss.os.thread.timer.stack  rtx_lib.o
    0x20008658        -       0x00000001   Zero   RW          580    .bss.os_kernel_is_active.os_kernel_active  rtx_lib.o
    0x20008659   0x08002c7c   0x00000007   PAD
    0x20008660        -       0x00000200   Zero   RW         1454    HEAP                startup_stm32f407xx.o
    0x20008860        -       0x00000400   Zero   RW         1453    STACK               startup_stm32f407xx.o


==============================================================================

Image component sizes


      Code (inc. data)   RO Data    RW Data    ZI Data      Debug   Object Name

       200         12          0          0          0        742   irq_armv7m.o
       286          0          0          0          0       4063   main.o
       140          0          0          0          1       4796   os_systick.o
         4          0          0          0          0        680   rtx_config.o
       138          0          0          0          0       3168   rtx_delay.o
       116          0          0          0          0      23995   rtx_evr.o
       764          0         11        164          0      15645   rtx_kernel.o
       128          0        268          0      34125       7499   rtx_lib.o
       408          0          0          0          0       2876   rtx_memory.o
       292          0          0          0          0      15217   rtx_mempool.o
      1928          0          0          0          0      18788   rtx_msgqueue.o
      1286          0          0          0          0      10219   rtx_mutex.o
       520         10          0          0          0       6552   rtx_system.o
      2310         10          0          0          0      33518   rtx_thread.o
       366          0          0          0          0      10490   rtx_timer.o
        64         26        392          0       1536        876   startup_stm32f407xx.o
       416          0          0          0          0       5441   stm32f4xx_hal_gpio.o
       144          0         16          4          0       2759   system_stm32f4xx.o

    ----------------------------------------------------------------------
      9780         58        720        168      35672     167324   Object Totals
         0          0         32          0          0          0   (incl. Generated)
       270          0          1          0         10          0   (incl. Padding)

    ----------------------------------------------------------------------

      Code (inc. data)   RO Data    RW Data    ZI Data      Debug   Library Member Name

         8          0          0          0          0         68   __main.o
         0          0          0          0          0          0   __rtentry.o
        20          0          0          0          0          0   __rtentry2.o
         6          0          0          0          0          0   __rtentry4.o
        52          8          0          0          0          0   __scatter.o
        26          0          0          0          0          0   __scatter_copy.o
        28          0          0          0          0          0   __scatter_zi.o
        16          0          0          0          0         68   aeabi_memset4.o
        18          0          0          0          0         80   exit.o
         6          0          0          0          0        152   heapauxi.o
         0          0          0          0          0          0   indicate_semi.o
         2          0          0          0          0          0   libinit.o
         6          0          0          0          0          0   libinit2.o
         2          0          0          0          0          0   libshutdown.o
         2          0          0          0          0          0   libshutdown2.o
         8          4          0          0         96         68   libspace.o
        68          0          0          0          0         68   rt_memclr.o
        78          0          0          0          0         80   rt_memclr_w.o
       138          0          0          0          0         68   rt_memcpy_v6.o
       100          0          0          0          0         80   rt_memcpy_w.o
         2          0          0          0          0          0   rtexit.o
        10          0          0          0          0          0   rtexit2.o
        12          4          0          0          0         68   sys_exit.o
        74          0          0          0          0         80   sys_stackheap_outer.o
         2          0          0          0          0         68   use_no_semi.o
        26          0          0          0          0        116   fpinit.o

    ----------------------------------------------------------------------
       720         16          0          0         96       1064   Library Totals
        10          0          0          0          0          0   (incl. Padding)

    ----------------------------------------------------------------------

      Code (inc. data)   RO Data    RW Data    ZI Data      Debug   Library Name

       684         16          0          0         96        948   c_w.l
        26          0          0          0          0        116   fz_wm.l

    ----------------------------------------------------------------------
       720         16          0          0         96       1064   Library Totals

    ----------------------------------------------------------------------

==============================================================================


      Code (inc. data)   RO Data    RW Data    ZI Data      Debug   

     10500         74        720        168      35768     167672   Grand Totals
     10500         74        720        168      35768     167672   ELF Image Totals
     10500         74        720        168          0          0   ROM Totals

==============================================================================

    Total RO  Size (Code + RO Data)                11220 (  10.96kB)
    Total RW  Size (RW Data + ZI Data)             35936 (  35.09kB)
    Total ROM Size (Code + RO Data + RW Data)      11388 (  11.12kB)

==============================================================================

